Archive member included to satisfy reference by file (symbol)

Generated_Source\PSoC6\pdl\middleware\ble\lib\cy_ble_stack_gcc_host_ipc_cm4.a(CyBleStackMgrIP_Interface.o)
                              .\CortexM4\ARM_GCC_541\Debug\cy_ble.o (Cy_BLE_EnablePrivacyFeature)
Generated_Source\PSoC6\pdl\middleware\ble\lib\cy_ble_stack_gcc_host_ipc_cm4.a(BT_os.o)
                              Generated_Source\PSoC6\pdl\middleware\ble\lib\cy_ble_stack_gcc_host_ipc_cm4.a(CyBleStackMgrIP_Interface.o) (cyBleStackMemoryConfig)
Generated_Source\PSoC6\pdl\middleware\ble\lib\cy_ble_stack_gcc_host_ipc_cm4.a(CyBleStackMgr_StackTaskHandler.o)
                              Generated_Source\PSoC6\pdl\middleware\ble\lib\cy_ble_stack_gcc_host_ipc_cm4.a(CyBleStackMgrIP_Interface.o) (CyBle_CreateBleStackTask)
Generated_Source\PSoC6\pdl\middleware\ble\lib\cy_ble_stack_gcc_host_ipc_cm4.a(storage_pl.o)
                              Generated_Source\PSoC6\pdl\middleware\ble\lib\cy_ble_stack_gcc_host_ipc_cm4.a(CyBleStackMgrIP_Interface.o) (storage_manager_init)
Generated_Source\PSoC6\pdl\middleware\ble\lib\cy_ble_stack_gcc_host_ipc_cm4.a(mint_os.o)
                              Generated_Source\PSoC6\pdl\middleware\ble\lib\cy_ble_stack_gcc_host_ipc_cm4.a(CyBleStackMgrIP_Interface.o) (OS_init)
Generated_Source\PSoC6\pdl\middleware\ble\lib\cy_ble_stack_gcc_host_ipc_cm4.a(mint_os_queue.o)
                              Generated_Source\PSoC6\pdl\middleware\ble\lib\cy_ble_stack_gcc_host_ipc_cm4.a(mint_os.o) (OS_TOTAL_QUEUES)
Generated_Source\PSoC6\pdl\middleware\ble\lib\cy_ble_stack_gcc_host_ipc_cm4.a(mint_os_task.o)
                              Generated_Source\PSoC6\pdl\middleware\ble\lib\cy_ble_stack_gcc_host_ipc_cm4.a(mint_os.o) (idle_func_handler)
Generated_Source\PSoC6\pdl\middleware\ble\lib\cy_ble_stack_gcc_host_ipc_cm4.a(mint_buf_mgmt.o)
                              Generated_Source\PSoC6\pdl\middleware\ble\lib\cy_ble_stack_gcc_host_ipc_cm4.a(BT_os.o) (mint_buf_mgmt_allocate_buffer)
Generated_Source\PSoC6\pdl\middleware\ble\lib\cy_ble_stack_gcc_host_ipc_cm4.a(transport_ipc.o)
                              Generated_Source\PSoC6\pdl\middleware\ble\lib\cy_ble_stack_gcc_host_ipc_cm4.a(CyBleStackMgr_StackTaskHandler.o) (CyBleHost_HciIpcFreePktBuffer)
Generated_Source\PSoC6\pdl\middleware\ble\lib\cy_ble_stack_gcc_host_ipc_cm4.a(CyBleStackMgr_PSoCIPCHal.o)
                              Generated_Source\PSoC6\pdl\middleware\ble\lib\cy_ble_stack_gcc_host_ipc_cm4.a(transport_ipc.o) (CyBleHost_IPC_HAL_InitWithStaticMem)
Generated_Source\PSoC6\pdl\middleware\ble\lib\cy_ble_stack_gcc_host_ipc_cm4.a(host_main.o)
                              Generated_Source\PSoC6\pdl\middleware\ble\lib\cy_ble_stack_gcc_host_ipc_cm4.a(CyBleStackMgrIP_Interface.o) (CyBle_HostInit)
Generated_Source\PSoC6\pdl\middleware\ble\lib\cy_ble_stack_gcc_host_ipc_cm4.a(att_api.o)
                              Generated_Source\PSoC6\pdl\middleware\ble\lib\cy_ble_stack_gcc_host_ipc_cm4.a(host_main.o) (BT_att_register)
Generated_Source\PSoC6\pdl\middleware\ble\lib\cy_ble_stack_gcc_host_ipc_cm4.a(att_init.o)
                              Generated_Source\PSoC6\pdl\middleware\ble\lib\cy_ble_stack_gcc_host_ipc_cm4.a(att_api.o) (att_connections)
Generated_Source\PSoC6\pdl\middleware\ble\lib\cy_ble_stack_gcc_host_ipc_cm4.a(att_internal.o)
                              Generated_Source\PSoC6\pdl\middleware\ble\lib\cy_ble_stack_gcc_host_ipc_cm4.a(att_api.o) (att_get_fsm_event)
Generated_Source\PSoC6\pdl\middleware\ble\lib\cy_ble_stack_gcc_host_ipc_cm4.a(BT_common.o)
                              Generated_Source\PSoC6\pdl\middleware\ble\lib\cy_ble_stack_gcc_host_ipc_cm4.a(host_main.o) (BT_bluetooth_off)
Generated_Source\PSoC6\pdl\middleware\ble\lib\cy_ble_stack_gcc_host_ipc_cm4.a(device_queue.o)
                              Generated_Source\PSoC6\pdl\middleware\ble\lib\cy_ble_stack_gcc_host_ipc_cm4.a(host_main.o) (CyBle_DeviceQueueHeapDeInit)
Generated_Source\PSoC6\pdl\middleware\ble\lib\cy_ble_stack_gcc_host_ipc_cm4.a(l2cap.o)
                              Generated_Source\PSoC6\pdl\middleware\ble\lib\cy_ble_stack_gcc_host_ipc_cm4.a(host_main.o) (CyBle_L2capCB)
Generated_Source\PSoC6\pdl\middleware\ble\lib\cy_ble_stack_gcc_host_ipc_cm4.a(l2cap_disconnect.o)
                              Generated_Source\PSoC6\pdl\middleware\ble\lib\cy_ble_stack_gcc_host_ipc_cm4.a(l2cap.o) (l2ca_disconnect_req)
Generated_Source\PSoC6\pdl\middleware\ble\lib\cy_ble_stack_gcc_host_ipc_cm4.a(l2cap_init.o)
                              Generated_Source\PSoC6\pdl\middleware\ble\lib\cy_ble_stack_gcc_host_ipc_cm4.a(l2cap_disconnect.o) (l2cap_fixed_channel)
Generated_Source\PSoC6\pdl\middleware\ble\lib\cy_ble_stack_gcc_host_ipc_cm4.a(l2cap_utils.o)
                              Generated_Source\PSoC6\pdl\middleware\ble\lib\cy_ble_stack_gcc_host_ipc_cm4.a(l2cap_disconnect.o) (l2cap_buffer_dequeue)
Generated_Source\PSoC6\pdl\middleware\ble\lib\cy_ble_stack_gcc_host_ipc_cm4.a(l2cap_lmp.o)
[...]
Memory Configuration

Name             Origin             Length             Attributes
ram              0x08024000         0x00023800         xrw
flash            0x10080000         0x00080000         xr
em_eeprom        0x14000000         0x00008000         xr
sflash_user_data 0x16000800         0x00000800         xr
sflash_nar       0x16001a00         0x00000200         xr
sflash_public_key 0x16005a00         0x00000c00         xr
sflash_toc_2     0x16007c00         0x00000200         xr
sflash_rtoc_2    0x16007e00         0x00000200         xr
xip              0x18000000         0x08000000         xr
efuse            0x90700000         0x00100000         r
*default*        0x00000000         0xffffffff

Linker script and memory map

LOAD c:/program files (x86)/cypress/psoc creator/4.2/psoc creator/import/gnu/arm/5.4.1/bin/../lib/gcc/arm-none-eabi/5.4.1/armv7e-m/softfp/crti.o
LOAD c:/program files (x86)/cypress/psoc creator/4.2/psoc creator/import/gnu/arm/5.4.1/bin/../lib/gcc/arm-none-eabi/5.4.1/armv7e-m/softfp/crtbegin.o
LOAD c:/program files (x86)/cypress/psoc creator/4.2/psoc creator/import/gnu/arm/5.4.1/bin/../lib/gcc/arm-none-eabi/5.4.1/../../../../arm-none-eabi/lib/armv7e-m/softfp/crt0.o
START GROUP
LOAD Generated_Source\PSoC6\pdl\middleware\ble\lib\cy_ble_stack_gcc_host_ipc_cm4.a
LOAD .\CortexM4\ARM_GCC_541\Debug\startup_psoc63_cm4.o
LOAD .\CortexM4\ARM_GCC_541\Debug\main_cm4.o
LOAD .\CortexM4\ARM_GCC_541\Debug\system_psoc63_cm4.o
LOAD .\CortexM4\ARM_GCC_541\Debug\ble_application.o
LOAD .\CortexM4\ARM_GCC_541\Debug\led.o
LOAD .\CortexM4\ARM_GCC_541\Debug\interrupt.o
LOAD .\CortexM4\ARM_GCC_541\Debug\cy_ipc_config.o
LOAD .\CortexM4\ARM_GCC_541\Debug\cyfitter_sysint_cfg.o
LOAD .\CortexM4\ARM_GCC_541\Debug\cymetadata.o
LOAD .\CortexM4\ARM_GCC_541\Debug\cy_sysint.o
LOAD .\CortexM4\ARM_GCC_541\Debug\cy_ipc_drv.o
LOAD .\CortexM4\ARM_GCC_541\Debug\cy_ipc_sema.o
LOAD .\CortexM4\ARM_GCC_541\Debug\cy_ipc_pipe.o
LOAD .\CortexM4\ARM_GCC_541\Debug\cy_sysclk.o
LOAD .\CortexM4\ARM_GCC_541\Debug\cy_wdt.o
LOAD .\CortexM4\ARM_GCC_541\Debug\cy_efuse.o
LOAD .\CortexM4\ARM_GCC_541\Debug\cy_flash.o
LOAD .\CortexM4\ARM_GCC_541\Debug\cy_gpio.o
LOAD .\CortexM4\ARM_GCC_541\Debug\cy_sysanalog.o
LOAD .\CortexM4\ARM_GCC_541\Debug\cy_syspm.o
LOAD .\CortexM4\ARM_GCC_541\Debug\cy_syslib.o
LOAD .\CortexM4\ARM_GCC_541\Debug\cy_syslib_gcc.o
LOAD .\CortexM4\ARM_GCC_541\Debug\cy_trigmux.o
LOAD .\CortexM4\ARM_GCC_541\Debug\cy_systick.o
LOAD .\CortexM4\ARM_GCC_541\Debug\cy_profile.o
LOAD .\CortexM4\ARM_GCC_541\Debug\cy_prot.o
LOAD .\CortexM4\ARM_GCC_541\Debug\cy_lvd.o
LOAD .\CortexM4\ARM_GCC_541\Debug\cy_mcwdt.o
LOAD .\CortexM4\ARM_GCC_541\Debug\cy_ble.o
LOAD .\CortexM4\ARM_GCC_541\Debug\cy_ble_hal_int.o
LOAD .\CortexM4\ARM_GCC_541\Debug\cy_ble_hal_pvt.o
LOAD .\CortexM4\ARM_GCC_541\Debug\cy_ble_gap.o
LOAD .\CortexM4\ARM_GCC_541\Debug\cy_ble_gatt.o
LOAD .\CortexM4\ARM_GCC_541\Debug\cy_ble_event_handler.o
LOAD .\CortexM4\ARM_GCC_541\Debug\cy_ble_ancs.o
LOAD .\CortexM4\ARM_GCC_541\Debug\cy_ble_ans.o
LOAD .\CortexM4\ARM_GCC_541\Debug\cy_ble_aios.o
LOAD .\CortexM4\ARM_GCC_541\Debug\cy_ble_bas.o
LOAD .\CortexM4\ARM_GCC_541\Debug\cy_ble_bcs.o
LOAD .\CortexM4\ARM_GCC_541\Debug\cy_ble_bls.o
LOAD .\CortexM4\ARM_GCC_541\Debug\cy_ble_bms.o
LOAD .\CortexM4\ARM_GCC_541\Debug\cy_ble_bts.o
LOAD .\CortexM4\ARM_GCC_541\Debug\cy_ble_cgms.o
LOAD .\CortexM4\ARM_GCC_541\Debug\cy_ble_cps.o
LOAD .\CortexM4\ARM_GCC_541\Debug\cy_ble_cscs.o
LOAD .\CortexM4\ARM_GCC_541\Debug\cy_ble_cts.o
LOAD .\CortexM4\ARM_GCC_541\Debug\cy_ble_custom.o
LOAD .\CortexM4\ARM_GCC_541\Debug\cy_ble_dis.o
LOAD .\CortexM4\ARM_GCC_541\Debug\cy_ble_ess.o
LOAD .\CortexM4\ARM_GCC_541\Debug\cy_ble_gls.o
LOAD .\CortexM4\ARM_GCC_541\Debug\cy_ble_hids.o
LOAD .\CortexM4\ARM_GCC_541\Debug\cy_ble_hps.o
LOAD .\CortexM4\ARM_GCC_541\Debug\cy_ble_hrs.o
LOAD .\CortexM4\ARM_GCC_541\Debug\cy_ble_hts.o
LOAD .\CortexM4\ARM_GCC_541\Debug\cy_ble_ias.o
LOAD .\CortexM4\ARM_GCC_541\Debug\cy_ble_ips.o
LOAD .\CortexM4\ARM_GCC_541\Debug\cy_ble_lls.o
LOAD .\CortexM4\ARM_GCC_541\Debug\cy_ble_lns.o
LOAD .\CortexM4\ARM_GCC_541\Debug\cy_ble_ndcs.o
LOAD .\CortexM4\ARM_GCC_541\Debug\cy_ble_plxs.o
LOAD .\CortexM4\ARM_GCC_541\Debug\cy_ble_pass.o
LOAD .\CortexM4\ARM_GCC_541\Debug\cy_ble_rscs.o
LOAD .\CortexM4\ARM_GCC_541\Debug\cy_ble_rtus.o
LOAD .\CortexM4\ARM_GCC_541\Debug\cy_ble_scps.o
LOAD .\CortexM4\ARM_GCC_541\Debug\cy_ble_tps.o
LOAD .\CortexM4\ARM_GCC_541\Debug\cy_ble_uds.o
LOAD .\CortexM4\ARM_GCC_541\Debug\cy_ble_wpts.o
LOAD .\CortexM4\ARM_GCC_541\Debug\cy_ble_wss.o
LOAD .\CortexM4\ARM_GCC_541\Debug\cy_ble_clk.o
LOAD .\CortexM4\ARM_GCC_541\Debug\BLE.o
LOAD .\CortexM4\ARM_GCC_541\Debug\BLE_config.o
LOAD .\CortexM4\ARM_GCC_541\Debug\BLE_custom_config.o
LOAD .\CortexM4\ARM_GCC_541\Debug\MCWDT_PDL.o
END GROUP
START GROUP
LOAD c:/program files (x86)/cypress/psoc creator/4.2/psoc creator/import/gnu/arm/5.4.1/bin/../lib/gcc/arm-none-eabi/5.4.1/armv7e-m/softfp\libgcc.a
LOAD c:/program files (x86)/cypress/psoc creator/4.2/psoc creator/import/gnu/arm/5.4.1/bin/../lib/gcc/arm-none-eabi/5.4.1/../../../../arm-none-eabi/lib/armv7e-m/softfp\libg_nano.a
LOAD c:/program files (x86)/cypress/psoc creator/4.2/psoc creator/import/gnu/arm/5.4.1/bin/../lib/gcc/arm-none-eabi/5.4.1/../../../../arm-none-eabi/lib/armv7e-m/softfp\libc_nano.a
END GROUP
START GROUP
LOAD c:/program files (x86)/cypress/psoc creator/4.2/psoc creator/import/gnu/arm/5.4.1/bin/../lib/gcc/arm-none-eabi/5.4.1/armv7e-m/softfp\libgcc.a
LOAD c:/program files (x86)/cypress/psoc creator/4.2/psoc creator/import/gnu/arm/5.4.1/bin/../lib/gcc/arm-none-eabi/5.4.1/../../../../arm-none-eabi/lib/armv7e-m/softfp\libc_nano.a
END GROUP
LOAD c:/program files (x86)/cypress/psoc creator/4.2/psoc creator/import/gnu/arm/5.4.1/bin/../lib/gcc/arm-none-eabi/5.4.1/armv7e-m/softfp/crtend.o
LOAD c:/program files (x86)/cypress/psoc creator/4.2/psoc creator/import/gnu/arm/5.4.1/bin/../lib/gcc/arm-none-eabi/5.4.1/armv7e-m/softfp/crtn.o
START GROUP
LOAD c:/program files (x86)/cypress/psoc creator/4.2/psoc creator/import/gnu/arm/5.4.1/bin/../lib/gcc/arm-none-eabi/5.4.1/armv7e-m/softfp\libgcc.a
LOAD c:/program files (x86)/cypress/psoc creator/4.2/psoc creator/import/gnu/arm/5.4.1/bin/../lib/gcc/arm-none-eabi/5.4.1/../../../../arm-none-eabi/lib/armv7e-m/softfp\libc.a
LOAD c:/program files (x86)/cypress/psoc creator/4.2/psoc creator/import/gnu/arm/5.4.1/bin/../lib/gcc/arm-none-eabi/5.4.1/../../../../arm-none-eabi/lib/armv7e-m/softfp\libnosys.a
END GROUP
START GROUP
LOAD c:/program files (x86)/cypress/psoc creator/4.2/psoc creator/import/gnu/arm/5.4.1/bin/../lib/gcc/arm-none-eabi/5.4.1/armv7e-m/softfp\libgcc.a
LOAD c:/program files (x86)/cypress/psoc creator/4.2/psoc creator/import/gnu/arm/5.4.1/bin/../lib/gcc/arm-none-eabi/5.4.1/../../../../arm-none-eabi/lib/armv7e-m/softfp\libc.a
LOAD c:/program files (x86)/cypress/psoc creator/4.2/psoc creator/import/gnu/arm/5.4.1/bin/../lib/gcc/arm-none-eabi/5.4.1/../../../../arm-none-eabi/lib/armv7e-m/softfp\libm.a
LOAD c:/program files (x86)/cypress/psoc creator/4.2/psoc creator/import/gnu/arm/5.4.1/bin/../lib/gcc/arm-none-eabi/5.4.1/../../../../arm-none-eabi/lib/armv7e-m/softfp\libnosys.a
END GROUP

.text           0x10080000     0x2de4
                0x10080000                . = ALIGN (0x4)
                0x10080000                __Vectors = .
 *(.vectors)
 .vectors       0x10080000      0x28c .\CortexM4\ARM_GCC_541\Debug\startup_psoc63_cm4.o
                0x1008028c                . = ALIGN (0x4)
                0x1008028c                __Vectors_End = .
                0x0000028c                __Vectors_Size = (__Vectors_End - __Vectors)
                0x1008028c                __end__ = .
                0x1008028c                . = ALIGN (0x4)
 *(.text*)
 .text          0x1008028c       0x5c c:/program files (x86)/cypress/psoc creator/4.2/psoc creator/import/gnu/arm/5.4.1/bin/../lib/gcc/arm-none-eabi/5.4.1/armv7e-m/softfp/crtbegin.o
 .text          0x100802e8       0x94 .\CortexM4\ARM_GCC_541\Debug\startup_psoc63_cm4.o
                0x100802e8                Cy_OnResetUser
                0x100802ea                Cy_SaveIRQ
                0x100802f2                Cy_RestoreIRQ
                0x100802f8                Reset_Handler
                0x1008035c                tcpwm_1_interrupts_11_IRQHandler
                0x1008035c                cpuss_interrupts_ipc_0_IRQHandler
                0x1008035c                tcpwm_1_interrupts_15_IRQHandler
                0x1008035c                ioss_interrupts_gpio_13_IRQHandler
                0x1008035c                tcpwm_1_interrupts_13_IRQHandler
                0x1008035c                cpuss_interrupts_dw1_8_IRQHandler
                0x1008035c                tcpwm_0_interrupts_0_IRQHandler
                0x1008035c                SysTick_Handler
                0x1008035c                cpuss_interrupt_fm_IRQHandler
                0x1008035c                cpuss_interrupts_ipc_7_IRQHandler
                0x1008035c                tcpwm_1_interrupts_14_IRQHandler
                0x1008035c                cpuss_interrupts_dw0_11_IRQHandler
                0x1008035c                tcpwm_1_interrupts_9_IRQHandler
                0x1008035c                cpuss_interrupts_cm0_cti_1_IRQHandler
                0x1008035c                tcpwm_1_interrupts_22_IRQHandler
                0x1008035c                cpuss_interrupts_dw0_4_IRQHandler
                0x1008035c                PendSV_Handler
                0x1008035c                NMI_Handler
                0x1008035c                cpuss_interrupts_dw1_12_IRQHandler
                0x1008035c                tcpwm_1_interrupts_12_IRQHandler
                0x1008035c                smif_interrupt_IRQHandler
                0x1008035c                tcpwm_1_interrupts_2_IRQHandler
                0x1008035c                cpuss_interrupts_ipc_13_IRQHandler
                0x1008035c                udb_interrupts_11_IRQHandler
                0x1008035c                tcpwm_1_interrupts_18_IRQHandler
                0x1008035c                cpuss_interrupts_ipc_6_IRQHandler
                0x1008035c                tcpwm_0_interrupts_2_IRQHandler
                0x1008035c                cpuss_interrupts_dw0_13_IRQHandler
                0x1008035c                udb_interrupts_2_IRQHandler
                0x1008035c                cpuss_interrupts_dw1_7_IRQHandler
                0x1008035c                ioss_interrupts_gpio_1_IRQHandler
                0x1008035c                ioss_interrupts_gpio_7_IRQHandler
                0x1008035c                scb_5_interrupt_IRQHandler
                0x1008035c                udb_interrupts_6_IRQHandler
                0x1008035c                cpuss_interrupts_fault_1_IRQHandler
                0x1008035c                cpuss_interrupts_ipc_5_IRQHandler
                0x1008035c                cpuss_interrupts_dw1_10_IRQHandler
                0x1008035c                udb_interrupts_0_IRQHandler
                0x1008035c                tcpwm_1_interrupts_6_IRQHandler
                0x1008035c                scb_4_interrupt_IRQHandler
                0x1008035c                pass_interrupt_dacs_IRQHandler
                0x1008035c                ioss_interrupts_gpio_2_IRQHandler
                0x1008035c                cpuss_interrupts_dw1_9_IRQHandler
                0x1008035c                cpuss_interrupts_dw1_13_IRQHandler
                0x1008035c                scb_2_interrupt_IRQHandler
                0x1008035c                cpuss_interrupts_cm0_cti_0_IRQHandler
                0x1008035c                udb_interrupts_5_IRQHandler
                0x1008035c                srss_interrupt_IRQHandler
                0x1008035c                udb_interrupts_12_IRQHandler
                0x1008035c                scb_0_interrupt_IRQHandler
                0x1008035c                csd_interrupt_IRQHandler
                0x1008035c                udb_interrupts_1_IRQHandler
                0x1008035c                profile_interrupt_IRQHandler
                0x1008035c                tcpwm_1_interrupts_1_IRQHandler
                0x1008035c                cpuss_interrupts_ipc_12_IRQHandler
                0x1008035c                tcpwm_1_interrupts_3_IRQHandler
                0x1008035c                tcpwm_0_interrupts_7_IRQHandler
                0x1008035c                cpuss_interrupts_dw1_1_IRQHandler
                0x1008035c                cpuss_interrupts_dw1_0_IRQHandler
                0x1008035c                cpuss_interrupts_dw0_9_IRQHandler
                0x1008035c                DebugMon_Handler
                0x1008035c                tcpwm_1_interrupts_23_IRQHandler
                0x1008035c                cpuss_interrupts_dw0_5_IRQHandler
                0x1008035c                tcpwm_1_interrupts_20_IRQHandler
                0x1008035c                ioss_interrupt_gpio_IRQHandler
                0x1008035c                tcpwm_0_interrupts_1_IRQHandler
                0x1008035c                ioss_interrupts_gpio_8_IRQHandler
                0x1008035c                tcpwm_0_interrupts_6_IRQHandler
                0x1008035c                scb_7_interrupt_IRQHandler
                0x1008035c                tcpwm_1_interrupts_7_IRQHandler
                0x1008035c                cpuss_interrupts_ipc_11_IRQHandler
                0x1008035c                udb_interrupts_13_IRQHandler
                0x1008035c                cpuss_interrupts_dw0_15_IRQHandler
                0x1008035c                udb_interrupts_7_IRQHandler
                0x1008035c                cpuss_interrupts_dw1_6_IRQHandler
                0x1008035c                cpuss_interrupt_crypto_IRQHandler
                0x1008035c                scb_1_interrupt_IRQHandler
                0x1008035c                Default_Handler
                0x1008035c                usb_interrupt_hi_IRQHandler
                0x1008035c                tcpwm_1_interrupts_0_IRQHandler
                0x1008035c                udb_interrupts_9_IRQHandler
                0x1008035c                audioss_interrupt_pdm_IRQHandler
                0x1008035c                srss_interrupt_mcwdt_0_IRQHandler
                0x1008035c                scb_3_interrupt_IRQHandler
                0x1008035c                pass_interrupt_ctbs_IRQHandler
                0x1008035c                udb_interrupts_8_IRQHandler
                0x1008035c                ioss_interrupts_gpio_3_IRQHandler
                0x1008035c                scb_6_interrupt_IRQHandler
                0x1008035c                cpuss_interrupts_cm4_cti_0_IRQHandler
                0x1008035c                cpuss_interrupts_dw1_3_IRQHandler
                0x1008035c                pass_interrupt_sar_IRQHandler
                0x1008035c                ioss_interrupts_gpio_0_IRQHandler
                0x1008035c                ioss_interrupts_gpio_14_IRQHandler
                0x1008035c                tcpwm_0_interrupts_4_IRQHandler
                0x1008035c                udb_interrupts_3_IRQHandler
                0x1008035c                tcpwm_0_interrupts_5_IRQHandler
                0x1008035c                cpuss_interrupts_ipc_15_IRQHandler
                0x1008035c                cpuss_interrupts_cm4_cti_1_IRQHandler
                0x1008035c                scb_8_interrupt_IRQHandler
                0x1008035c                srss_interrupt_mcwdt_1_IRQHandler
                0x1008035c                cpuss_interrupts_dw1_2_IRQHandler
                0x1008035c                SVC_Handler
                0x1008035c                cpuss_interrupts_dw1_5_IRQHandler
                0x1008035c                cpuss_interrupts_ipc_1_IRQHandler
                0x1008035c                cpuss_interrupts_dw0_0_IRQHandler
                0x1008035c                ioss_interrupts_gpio_12_IRQHandler
                0x1008035c                cpuss_interrupts_ipc_3_IRQHandler
                0x1008035c                tcpwm_1_interrupts_17_IRQHandler
                0x1008035c                srss_interrupt_backup_IRQHandler
                0x1008035c                bless_interrupt_IRQHandler
                0x1008035c                cpuss_interrupts_ipc_10_IRQHandler
                0x1008035c                cpuss_interrupts_ipc_9_IRQHandler
                0x1008035c                cpuss_interrupts_dw0_14_IRQHandler
                0x1008035c                tcpwm_1_interrupts_4_IRQHandler
                0x1008035c                tcpwm_0_interrupts_3_IRQHandler
                0x1008035c                cpuss_interrupts_dw1_15_IRQHandler
                0x1008035c                ioss_interrupts_gpio_10_IRQHandler
                0x1008035c                udb_interrupts_10_IRQHandler
                0x1008035c                cpuss_interrupts_dw0_8_IRQHandler
                0x1008035c                ioss_interrupts_gpio_11_IRQHandler
                0x1008035c                cpuss_interrupts_ipc_14_IRQHandler
                0x1008035c                ioss_interrupts_gpio_5_IRQHandler
                0x1008035c                ioss_interrupts_gpio_4_IRQHandler
                0x1008035c                tcpwm_1_interrupts_8_IRQHandler
                0x1008035c                cpuss_interrupts_dw1_14_IRQHandler
                0x1008035c                usb_interrupt_med_IRQHandler
                0x1008035c                cpuss_interrupts_dw0_2_IRQHandler
                0x1008035c                udb_interrupts_4_IRQHandler
                0x1008035c                tcpwm_1_interrupts_10_IRQHandler
                0x1008035c                cpuss_interrupts_fault_0_IRQHandler
                0x1008035c                cpuss_interrupts_dw0_12_IRQHandler
                0x1008035c                ioss_interrupts_gpio_6_IRQHandler
                0x1008035c                tcpwm_1_interrupts_21_IRQHandler
                0x1008035c                tcpwm_1_interrupts_16_IRQHandler
                0x1008035c                cpuss_interrupts_dw1_4_IRQHandler
                0x1008035c                udb_interrupts_15_IRQHandler
                0x1008035c                cpuss_interrupts_dw1_11_IRQHandler
                0x1008035c                cpuss_interrupts_dw0_6_IRQHandler
                0x1008035c                ioss_interrupt_vdd_IRQHandler
                0x1008035c                cpuss_interrupts_dw0_7_IRQHandler
                0x1008035c                audioss_interrupt_i2s_IRQHandler
                0x1008035c                tcpwm_1_interrupts_5_IRQHandler
                0x1008035c                cpuss_interrupts_ipc_2_IRQHandler
                0x1008035c                cpuss_interrupts_dw0_10_IRQHandler
                0x1008035c                tcpwm_1_interrupts_19_IRQHandler
                0x1008035c                cpuss_interrupts_dw0_1_IRQHandler
                0x1008035c                lpcomp_interrupt_IRQHandler
                0x1008035c                ioss_interrupts_gpio_9_IRQHandler
                0x1008035c                usb_interrupt_lo_IRQHandler
                0x1008035c                cpuss_interrupts_ipc_8_IRQHandler
                0x1008035c                udb_interrupts_14_IRQHandler
                0x1008035c                cpuss_interrupts_dw0_3_IRQHandler
                0x10080360                UsageFault_Handler
                0x10080360                HardFault_Handler
                0x10080360                MemManage_Handler
                0x10080360                BusFault_Handler
 .text.main     0x1008037c       0x20 .\CortexM4\ARM_GCC_541\Debug\main_cm4.o
                0x1008037c                main
 .text.Cy_SystemInit
                0x1008039c        0x4 .\CortexM4\ARM_GCC_541\Debug\system_psoc63_cm4.o
                0x1008039c                Cy_SystemInit
 .text.SystemCoreClockUpdate
                0x100803a0      0x190 .\CortexM4\ARM_GCC_541\Debug\system_psoc63_cm4.o
                0x100803a0                SystemCoreClockUpdate
 .text.SystemInit
                0x10080530       0x48 .\CortexM4\ARM_GCC_541\Debug\system_psoc63_cm4.o
                0x10080530                SystemInit
 .text.Cy_SystemInitFpuEnable
                0x10080578       0x28 .\CortexM4\ARM_GCC_541\Debug\system_psoc63_cm4.o
                0x10080578                Cy_SystemInitFpuEnable
 .text.StackEventHandler
                0x100805a0       0x38 .\CortexM4\ARM_GCC_541\Debug\ble_application.o
                0x100805a0                StackEventHandler
 .text.InitBle  0x100805d8       0x10 .\CortexM4\ARM_GCC_541\Debug\ble_application.o
                0x100805d8                InitBle
 .text.ProcessBleEvents
                0x100805e8       0x74 .\CortexM4\ARM_GCC_541\Debug\ble_application.o
                0x100805e8                ProcessBleEvents
 .text.UpdateCharacteristics
                0x1008065c       0xa0 .\CortexM4\ARM_GCC_541\Debug\ble_application.o
                0x1008065c                UpdateCharacteristics
 .text.SendMeasurementNotificationSwitch
                0x100806fc       0xf8 .\CortexM4\ARM_GCC_541\Debug\ble_application.o
                0x100806fc                SendMeasurementNotificationSwitch
 .text.UpdateStatusLed
                0x100807f4       0x40 .\CortexM4\ARM_GCC_541\Debug\led.o
                0x100807f4                UpdateStatusLed
 .text.ServiceStatusLed
                0x10080834       0x30 .\CortexM4\ARM_GCC_541\Debug\led.o
                0x10080834                ServiceStatusLed
 .text.IsrMcwdt
                0x10080864       0x44 .\CortexM4\ARM_GCC_541\Debug\interrupt.o
                0x10080864                IsrMcwdt
 .text.clearNotificationFlag
                0x100808a8        0xc .\CortexM4\ARM_GCC_541\Debug\interrupt.o
                0x100808a8                clearNotificationFlag
 .text.getNotificationFlag
                0x100808b4        0xc .\CortexM4\ARM_GCC_541\Debug\interrupt.o
                0x100808b4                getNotificationFlag
 .text.InitISR  0x100808c0       0x74 .\CortexM4\ARM_GCC_541\Debug\interrupt.o
                0x100808c0                InitISR
 .text.cpuss_interrupts_ipc_4_IRQHandler
                0x10080934       0x10 .\CortexM4\ARM_GCC_541\Debug\cy_ipc_config.o
                0x10080934                cpuss_interrupts_ipc_4_IRQHandler
 .text.Cy_IPC_SystemSemaInit
                0x10080944       0x10 .\CortexM4\ARM_GCC_541\Debug\cy_ipc_config.o
                0x10080944                Cy_IPC_SystemSemaInit
 .text.Cy_IPC_SystemPipeInit
                0x10080954       0x24 .\CortexM4\ARM_GCC_541\Debug\cy_ipc_config.o
                0x10080954                Cy_IPC_SystemPipeInit
 .text.Cy_SysInt_SetVector
                0x10080978       0x44 .\CortexM4\ARM_GCC_541\Debug\cy_sysint.o
                0x10080978                Cy_SysInt_SetVector
 .text.Cy_SysInt_Init
                0x100809bc       0x7c .\CortexM4\ARM_GCC_541\Debug\cy_sysint.o
                0x100809bc                Cy_SysInt_Init
 .text.Cy_IPC_Drv_LockRelease
                0x10080a38       0x30 .\CortexM4\ARM_GCC_541\Debug\cy_ipc_drv.o
                0x10080a38                Cy_IPC_Drv_LockRelease
 .text.Cy_IPC_Drv_SendMsgWord
                0x10080a68       0x3c .\CortexM4\ARM_GCC_541\Debug\cy_ipc_drv.o
                0x10080a68                Cy_IPC_Drv_SendMsgWord
 .text.Cy_IPC_Drv_ReadMsgWord
                0x10080aa4       0x2c .\CortexM4\ARM_GCC_541\Debug\cy_ipc_drv.o
                0x10080aa4                Cy_IPC_Drv_ReadMsgWord
 .text.Cy_IPC_Sema_Init
                0x10080ad0       0xb0 .\CortexM4\ARM_GCC_541\Debug\cy_ipc_sema.o
                0x10080ad0                Cy_IPC_Sema_Init
 .text.Cy_IPC_Sema_Clear
                0x10080b80       0x88 .\CortexM4\ARM_GCC_541\Debug\cy_ipc_sema.o
                0x10080b80                Cy_IPC_Sema_Clear
 .text.Cy_IPC_Sema_Status
                0x10080c08       0x40 .\CortexM4\ARM_GCC_541\Debug\cy_ipc_sema.o
                0x10080c08                Cy_IPC_Sema_Status
 .text.Cy_IPC_Pipe_Config
                0x10080c48       0x10 .\CortexM4\ARM_GCC_541\Debug\cy_ipc_pipe.o
                0x10080c48                Cy_IPC_Pipe_Config
 .text.Cy_IPC_Pipe_EndpointInit
                0x10080c58       0xb8 .\CortexM4\ARM_GCC_541\Debug\cy_ipc_pipe.o
                0x10080c58                Cy_IPC_Pipe_EndpointInit
 .text.Cy_IPC_Pipe_Init
                0x10080d10       0xc4 .\CortexM4\ARM_GCC_541\Debug\cy_ipc_pipe.o
                0x10080d10                Cy_IPC_Pipe_Init
 .text.Cy_IPC_Pipe_SendMessage
                0x10080dd4       0xb0 .\CortexM4\ARM_GCC_541\Debug\cy_ipc_pipe.o
                0x10080dd4                Cy_IPC_Pipe_SendMessage
 .text.Cy_IPC_Pipe_RegisterCallback
                0x10080e84       0x40 .\CortexM4\ARM_GCC_541\Debug\cy_ipc_pipe.o
                0x10080e84                Cy_IPC_Pipe_RegisterCallback
 .text.Cy_IPC_Pipe_RegisterCallbackRel
                0x10080ec4       0x2c .\CortexM4\ARM_GCC_541\Debug\cy_ipc_pipe.o
                0x10080ec4                Cy_IPC_Pipe_RegisterCallbackRel
 .text.Cy_IPC_Pipe_ExecCallback
                0x10080ef0       0xb0 .\CortexM4\ARM_GCC_541\Debug\cy_ipc_pipe.o
                0x10080ef0                Cy_IPC_Pipe_ExecCallback
 .text.Cy_IPC_Pipe_EndpointPause
                0x10080fa0       0x50 .\CortexM4\ARM_GCC_541\Debug\cy_ipc_pipe.o
                0x10080fa0                Cy_IPC_Pipe_EndpointPause
 .text.Cy_IPC_Pipe_EndpointResume
                0x10080ff0       0x48 .\CortexM4\ARM_GCC_541\Debug\cy_ipc_pipe.o
                0x10080ff0                Cy_IPC_Pipe_EndpointResume
 .text.Cy_Flash_ProcessOpcode
                0x10081038       0xac .\CortexM4\ARM_GCC_541\Debug\cy_flash.o
 .text.Cy_Flash_OperationStatus
                0x100810e4       0x44 .\CortexM4\ARM_GCC_541\Debug\cy_flash.o
 .text.Cy_Flash_Init
                0x10081128       0x4c .\CortexM4\ARM_GCC_541\Debug\cy_flash.o
                0x10081128                Cy_Flash_Init
 .text.Cy_SysPm_RegisterCallback
                0x10081174       0x70 .\CortexM4\ARM_GCC_541\Debug\cy_syspm.o
                0x10081174                Cy_SysPm_RegisterCallback
 .text.Cy_SysPm_UnregisterCallback
                0x100811e4       0x60 .\CortexM4\ARM_GCC_541\Debug\cy_syspm.o
                0x100811e4                Cy_SysPm_UnregisterCallback
 .text.Cy_SysLib_Delay
                0x10081244       0x30 .\CortexM4\ARM_GCC_541\Debug\cy_syslib.o
                0x10081244                Cy_SysLib_Delay
 .text.Cy_SysLib_DelayUs
                0x10081274       0x14 .\CortexM4\ARM_GCC_541\Debug\cy_syslib.o
                0x10081274                Cy_SysLib_DelayUs
 .text.Cy_SysLib_Halt
                0x10081288        0x4 .\CortexM4\ARM_GCC_541\Debug\cy_syslib.o
                0x10081288                Cy_SysLib_Halt
 .text.Cy_SysLib_AssertFailed
                0x1008128c       0x1c .\CortexM4\ARM_GCC_541\Debug\cy_syslib.o
                0x1008128c                Cy_SysLib_AssertFailed
 .text.Cy_SysLib_ProcessingFault
                0x100812a8        0x4 .\CortexM4\ARM_GCC_541\Debug\cy_syslib.o
                0x100812a8                Cy_SysLib_ProcessingFault
 .text.Cy_SysLib_FaultHandler
                0x100812ac       0xa4 .\CortexM4\ARM_GCC_541\Debug\cy_syslib.o
                0x100812ac                Cy_SysLib_FaultHandler
 .text          0x10081350       0x20 .\CortexM4\ARM_GCC_541\Debug\cy_syslib_gcc.o
                0x10081350                Cy_SysLib_DelayCycles
                0x10081362                Cy_SysLib_EnterCriticalSection
                0x1008136a                Cy_SysLib_ExitCriticalSection
 .text.Cy_MCWDT_Init
                0x10081370       0xe4 .\CortexM4\ARM_GCC_541\Debug\cy_mcwdt.o
                0x10081370                Cy_MCWDT_Init
 .text.Cy_BLE_DeepSleepCallback
                0x10081454       0x8c .\CortexM4\ARM_GCC_541\Debug\cy_ble.o
                0x10081454                Cy_BLE_DeepSleepCallback
 .text.Cy_BLE_SleepCallback
                0x100814e0       0x68 .\CortexM4\ARM_GCC_541\Debug\cy_ble.o
                0x100814e0                Cy_BLE_SleepCallback
 .text.Cy_BLE_UnregisterHostPMCallbacks
                0x10081548       0x18 .\CortexM4\ARM_GCC_541\Debug\cy_ble.o
                0x10081548                Cy_BLE_UnregisterHostPMCallbacks
 .text.Cy_BLE_Init
                0x10081560       0x50 .\CortexM4\ARM_GCC_541\Debug\cy_ble.o
                0x10081560                Cy_BLE_Init
 .text.Cy_BLE_Enable
                0x100815b0       0xec .\CortexM4\ARM_GCC_541\Debug\cy_ble.o
                0x100815b0                Cy_BLE_Enable
 .text.Cy_BLE_IPC_HostMsgFlushRecvCallBack
                0x1008169c       0x1c .\CortexM4\ARM_GCC_541\Debug\cy_ble_hal_pvt.o
 .text.Cy_BLE_IPC_HostMsgRecvCallBack
                0x100816b8       0x1c .\CortexM4\ARM_GCC_541\Debug\cy_ble_hal_pvt.o
 .text.Cy_BLE_HAL_BlockCalcCRC8
                0x100816d4       0x34 .\CortexM4\ARM_GCC_541\Debug\cy_ble_hal_pvt.o
                0x100816d4                Cy_BLE_HAL_BlockCalcCRC8
 .text.Cy_BLE_HAL_EnterCriticalSection
                0x10081708        0x8 .\CortexM4\ARM_GCC_541\Debug\cy_ble_hal_pvt.o
                0x10081708                Cy_BLE_HAL_EnterCriticalSection
 .text.Cy_BLE_HAL_ExitCriticalSection
                0x10081710        0x8 .\CortexM4\ARM_GCC_541\Debug\cy_ble_hal_pvt.o
                0x10081710                Cy_BLE_HAL_ExitCriticalSection
 .text.Cy_BLE_Ipc_Cypipe_Isr_Enable
                0x10081718        0xc .\CortexM4\ARM_GCC_541\Debug\cy_ble_hal_pvt.o
                0x10081718                Cy_BLE_Ipc_Cypipe_Isr_Enable
 .text.Cy_BLE_HAL_EnableGlobalInterrupts
                0x10081724        0x8 .\CortexM4\ARM_GCC_541\Debug\cy_ble_hal_pvt.o
                0x10081724                Cy_BLE_HAL_EnableGlobalInterrupts
 .text.Cy_BLE_Ipc_Cypipe_Isr_Disable
                0x1008172c        0xc .\CortexM4\ARM_GCC_541\Debug\cy_ble_hal_pvt.o
                0x1008172c                Cy_BLE_Ipc_Cypipe_Isr_Disable
 .text.Cy_BLE_HAL_DisableGlobalInterrupts
                0x10081738        0x8 .\CortexM4\ARM_GCC_541\Debug\cy_ble_hal_pvt.o
                0x10081738                Cy_BLE_HAL_DisableGlobalInterrupts
 .text.Cy_BLE_IPC_HostRegisterClientCallbacks
                0x10081740       0x34 .\CortexM4\ARM_GCC_541\Debug\cy_ble_hal_pvt.o
                0x10081740                Cy_BLE_IPC_HostRegisterClientCallbacks
 .text.Cy_BLE_IPC_SendMessageToController
                0x10081774       0x20 .\CortexM4\ARM_GCC_541\Debug\cy_ble_hal_pvt.o
                0x10081774                Cy_BLE_IPC_SendMessageToController
 .text.Cy_BLE_HAL_EccHeapInit
                0x10081794        0x4 .\CortexM4\ARM_GCC_541\Debug\cy_ble_hal_pvt.o
                0x10081794                Cy_BLE_HAL_EccHeapInit
 .text.Cy_BLE_HAL_EccHeapDeInit
                0x10081798        0x4 .\CortexM4\ARM_GCC_541\Debug\cy_ble_hal_pvt.o
                0x10081798                Cy_BLE_HAL_EccHeapDeInit
 .text.Cy_BLE_HAL_EccGetFeatureHeapReq
                0x1008179c        0x4 .\CortexM4\ARM_GCC_541\Debug\cy_ble_hal_pvt.o
                0x1008179c                Cy_BLE_HAL_EccGetFeatureHeapReq
 .text.Cy_BLE_HAL_PairingLocalPublicKeyHandler
                0x100817a0        0x8 .\CortexM4\ARM_GCC_541\Debug\cy_ble_hal_pvt.o
                0x100817a0                Cy_BLE_HAL_PairingLocalPublicKeyHandler
 .text.Cy_BLE_HAL_PairingRemoteKeyHandler
                0x100817a8        0x8 .\CortexM4\ARM_GCC_541\Debug\cy_ble_hal_pvt.o
                0x100817a8                Cy_BLE_HAL_PairingRemoteKeyHandler
 .text.Cy_BLE_HAL_PairingDhkeyHandler
                0x100817b0        0x8 .\CortexM4\ARM_GCC_541\Debug\cy_ble_hal_pvt.o
                0x100817b0                Cy_BLE_HAL_PairingDhkeyHandler
 .text.Cy_BLE_HAL_PairingDhkeyCheckHandler
                0x100817b8        0x8 .\CortexM4\ARM_GCC_541\Debug\cy_ble_hal_pvt.o
                0x100817b8                Cy_BLE_HAL_PairingDhkeyCheckHandler
 .text.Cy_BLE_HAL_PairingKeypressNotificationHandler
                0x100817c0        0x8 .\CortexM4\ARM_GCC_541\Debug\cy_ble_hal_pvt.o
                0x100817c0                Cy_BLE_HAL_PairingKeypressNotificationHandler
 .text.Cy_BLE_HAL_PairingRandHandler
                0x100817c8        0x8 .\CortexM4\ARM_GCC_541\Debug\cy_ble_hal_pvt.o
                0x100817c8                Cy_BLE_HAL_PairingRandHandler
 .text.Cy_BLE_HAL_PairingConfirmHandler
                0x100817d0        0x8 .\CortexM4\ARM_GCC_541\Debug\cy_ble_hal_pvt.o
                0x100817d0                Cy_BLE_HAL_PairingConfirmHandler
 .text.Cy_BLE_HAL_PairingLrConfirmingHandler
                0x100817d8        0x8 .\CortexM4\ARM_GCC_541\Debug\cy_ble_hal_pvt.o
                0x100817d8                Cy_BLE_HAL_PairingLrConfirmingHandler
 .text.Cy_BLE_HAL_PairingScTbxLocalPubkeyGenerateComplete
                0x100817e0        0x8 .\CortexM4\ARM_GCC_541\Debug\cy_ble_hal_pvt.o
                0x100817e0                Cy_BLE_HAL_PairingScTbxLocalPubkeyGenerateComplete
 .text.Cy_BLE_HAL_PairingScTbxGenerateLocalP256PublicKey
                0x100817e8        0x8 .\CortexM4\ARM_GCC_541\Debug\cy_ble_hal_pvt.o
                0x100817e8                Cy_BLE_HAL_PairingScTbxGenerateLocalP256PublicKey
 .text.Cy_BLE_HAL_SeSmpScUserPasskeyHandler
                0x100817f0        0x8 .\CortexM4\ARM_GCC_541\Debug\cy_ble_hal_pvt.o
                0x100817f0                Cy_BLE_HAL_SeSmpScUserPasskeyHandler
 .text.Cy_BLE_HAL_EccPointMult
                0x100817f8        0x4 .\CortexM4\ARM_GCC_541\Debug\cy_ble_hal_pvt.o
                0x100817f8                Cy_BLE_HAL_EccPointMult
 .text.Cy_BLE_ServiceInit
                0x100817fc       0x10 .\CortexM4\ARM_GCC_541\Debug\cy_ble_gap.o
                0x100817fc                Cy_BLE_ServiceInit
 .text.Cy_BLE_GAPP_StartAdvertisement
                0x1008180c      0x120 .\CortexM4\ARM_GCC_541\Debug\cy_ble_gap.o
                0x1008180c                Cy_BLE_GAPP_StartAdvertisement
 .text.Cy_BLE_ChangeAdDeviceAddress
                0x1008192c       0x5c .\CortexM4\ARM_GCC_541\Debug\cy_ble_gap.o
                0x1008192c                Cy_BLE_ChangeAdDeviceAddress
 .text.Cy_BLE_GATTS_WriteAttributeValueCCCD
                0x10081988       0x54 .\CortexM4\ARM_GCC_541\Debug\cy_ble_gatt.o
                0x10081988                Cy_BLE_GATTS_WriteAttributeValueCCCD
 .text.Cy_BLE_GATTS_WriteEventHandler
                0x100819dc       0x84 .\CortexM4\ARM_GCC_541\Debug\cy_ble_gatt.o
                0x100819dc                Cy_BLE_GATTS_WriteEventHandler
 .text.Cy_BLE_GATTS_ReadAttributeValueCCCDReqHandler
                0x10081a60       0x5c .\CortexM4\ARM_GCC_541\Debug\cy_ble_gatt.o
                0x10081a60                Cy_BLE_GATTS_ReadAttributeValueCCCDReqHandler
 .text.Cy_BLE_GATTS_WriteAttributeValueLocal
                0x10081abc       0x48 .\CortexM4\ARM_GCC_541\Debug\cy_ble_gatt.o
                0x10081abc                Cy_BLE_GATTS_WriteAttributeValueLocal
 .text.Cy_BLE_SendWriteResponse
                0x10081b04       0x40 .\CortexM4\ARM_GCC_541\Debug\cy_ble_event_handler.o
 .text.Cy_BLE_RegisterServiceEventHandler
                0x10081b44       0x5c .\CortexM4\ARM_GCC_541\Debug\cy_ble_event_handler.o
                0x10081b44                Cy_BLE_RegisterServiceEventHandler
 .text.Cy_BLE_InvokeServiceEventHandler
                0x10081ba0       0x38 .\CortexM4\ARM_GCC_541\Debug\cy_ble_event_handler.o
                0x10081ba0                Cy_BLE_InvokeServiceEventHandler
 .text.Cy_BLE_IsDeviceAddressValid
                0x10081bd8       0x20 .\CortexM4\ARM_GCC_541\Debug\cy_ble_event_handler.o
                0x10081bd8                Cy_BLE_IsDeviceAddressValid
 .text.Cy_BLE_EventHandler
                0x10081bf8      0x5a0 .\CortexM4\ARM_GCC_541\Debug\cy_ble_event_handler.o
                0x10081bf8                Cy_BLE_EventHandler
 .text.Cy_BLE_CUSTOM_EventHandler
                0x10082198        0x4 .\CortexM4\ARM_GCC_541\Debug\cy_ble_custom.o
 .text.Cy_BLE_CUSTOM_Init
                0x1008219c       0x20 .\CortexM4\ARM_GCC_541\Debug\cy_ble_custom.o
                0x1008219c                Cy_BLE_CUSTOM_Init
 .text.Cy_BLE_Start
                0x100821bc       0x38 .\CortexM4\ARM_GCC_541\Debug\BLE.o
                0x100821bc                Cy_BLE_Start
 .text.memcmp   0x100821f4       0x1e c:/program files (x86)/cypress/psoc creator/4.2/psoc creator/import/gnu/arm/5.4.1/bin/../lib/gcc/arm-none-eabi/5.4.1/../../../../arm-none-eabi/lib/armv7e-m/softfp\libg_nano.a(lib_a-memcmp.o)
                0x100821f4                memcmp
 .text.memcpy   0x10082212       0x16 c:/program files (x86)/cypress/psoc creator/4.2/psoc creator/import/gnu/arm/5.4.1/bin/../lib/gcc/arm-none-eabi/5.4.1/../../../../arm-none-eabi/lib/armv7e-m/softfp\libg_nano.a(lib_a-memcpy-stub.o)
                0x10082212                memcpy
 .text.memset   0x10082228       0x10 c:/program files (x86)/cypress/psoc creator/4.2/psoc creator/import/gnu/arm/5.4.1/bin/../lib/gcc/arm-none-eabi/5.4.1/../../../../arm-none-eabi/lib/armv7e-m/softfp\libg_nano.a(lib_a-memset.o)
                0x10082228                memset
 .text.strncpy  0x10082238       0x26 c:/program files (x86)/cypress/psoc creator/4.2/psoc creator/import/gnu/arm/5.4.1/bin/../lib/gcc/arm-none-eabi/5.4.1/../../../../arm-none-eabi/lib/armv7e-m/softfp\libg_nano.a(lib_a-strncpy.o)
                0x10082238                strncpy
 *(.init)
 *fill*         0x1008225e        0x2 
 .init          0x10082260        0x4 c:/program files (x86)/cypress/psoc creator/4.2/psoc creator/import/gnu/arm/5.4.1/bin/../lib/gcc/arm-none-eabi/5.4.1/armv7e-m/softfp/crti.o
                0x10082260                _init
 .init          0x10082264        0x8 c:/program files (x86)/cypress/psoc creator/4.2/psoc creator/import/gnu/arm/5.4.1/bin/../lib/gcc/arm-none-eabi/5.4.1/armv7e-m/softfp/crtn.o
 *(.fini)
 .fini          0x1008226c        0x4 c:/program files (x86)/cypress/psoc creator/4.2/psoc creator/import/gnu/arm/5.4.1/bin/../lib/gcc/arm-none-eabi/5.4.1/armv7e-m/softfp/crti.o
                0x1008226c                _fini
 .fini          0x10082270        0x8 c:/program files (x86)/cypress/psoc creator/4.2/psoc creator/import/gnu/arm/5.4.1/bin/../lib/gcc/arm-none-eabi/5.4.1/armv7e-m/softfp/crtn.o
 *crtbegin.o(.ctors)
 *crtbegin?.o(.ctors)
 *(EXCLUDE_FILE(*crtend.o *crtend?.o) .ctors)
 *(SORT(.ctors.*))
 *(.ctors)
 *crtbegin.o(.dtors)
 *crtbegin?.o(.dtors)
 *(EXCLUDE_FILE(*crtend.o *crtend?.o) .dtors)
 *(SORT(.dtors.*))
 *(.dtors)
 *(.rodata .rodata.* .constdata .constdata.* .conststring .conststring.*)
 .rodata        0x10082278       0x34 .\CortexM4\ARM_GCC_541\Debug\cy_ipc_config.o
 .rodata        0x100822ac        0x8 .\CortexM4\ARM_GCC_541\Debug\cyfitter_sysint_cfg.o
                0x100822ac                isr_LED_cfg
 .rodata.str1.4
                0x100822b4       0x41 .\CortexM4\ARM_GCC_541\Debug\cy_sysint.o
 *fill*         0x100822f5        0x3 
 .rodata.str1.4
                0x100822f8       0x7f .\CortexM4\ARM_GCC_541\Debug\cy_ipc_drv.o
 *fill*         0x10082377        0x1 
 .rodata.str1.4
                0x10082378       0x3f .\CortexM4\ARM_GCC_541\Debug\cy_ipc_sema.o
 *fill*         0x100823b7        0x1 
 .rodata.str1.4
                0x100823b8       0x40 .\CortexM4\ARM_GCC_541\Debug\cy_ipc_pipe.o
                                 0x7f (size before relaxing)
 .rodata.str1.4
                0x100823f8       0x3f .\CortexM4\ARM_GCC_541\Debug\cy_mcwdt.o
 *fill*         0x10082437        0x1 
 .rodata        0x10082438       0x10 .\CortexM4\ARM_GCC_541\Debug\cy_ble.o
 .rodata        0x10082448      0x100 .\CortexM4\ARM_GCC_541\Debug\cy_ble_hal_pvt.o
 .rodata        0x10082548        0xa .\CortexM4\ARM_GCC_541\Debug\cy_ble_event_handler.o
 *fill*         0x10082552        0x2 
 .rodata.str1.4
                0x10082554       0x38 .\CortexM4\ARM_GCC_541\Debug\cy_ble_event_handler.o
                                 0x37 (size before relaxing)
 .rodata        0x1008258c      0x34a .\CortexM4\ARM_GCC_541\Debug\BLE_config.o
 *fill*         0x100828d6        0x2 
 .rodata        0x100828d8       0x20 .\CortexM4\ARM_GCC_541\Debug\BLE_custom_config.o
 .rodata        0x100828f8        0xc .\CortexM4\ARM_GCC_541\Debug\MCWDT_PDL.o
                0x100828f8                MCWDT_config
 .constdata     0x10082904       0x18 Generated_Source\PSoC6\pdl\middleware\ble\lib\cy_ble_stack_gcc_host_ipc_cm4.a(BT_os.o)
                0x10082904                cyBleStackMemoryConfig
 .constdata     0x1008291c       0x58 Generated_Source\PSoC6\pdl\middleware\ble\lib\cy_ble_stack_gcc_host_ipc_cm4.a(l2cap_init.o)
                0x1008291c                l2cap_le_sig_handler
 .constdata     0x10082974       0x3c Generated_Source\PSoC6\pdl\middleware\ble\lib\cy_ble_stack_gcc_host_ipc_cm4.a(fsm_engine_pl.o)
                0x10082974                fsm_module_table
 .constdata     0x100829b0      0x110 Generated_Source\PSoC6\pdl\middleware\ble\lib\cy_ble_stack_gcc_host_ipc_cm4.a(gap_hci_iface.o)
                0x100829b0                hciCommandCompleteEventHandlers
 .constdata     0x10082ac0       0x20 Generated_Source\PSoC6\pdl\middleware\ble\lib\cy_ble_stack_gcc_host_ipc_cm4.a(gap_privacy.o)
 .constdata     0x10082ae0       0x32 Generated_Source\PSoC6\pdl\middleware\ble\lib\cy_ble_stack_gcc_host_ipc_cm4.a(smp_core.o)
                0x10082ae0                smp_iocap_assoc_map
                0x10082af9                smp_sc_iocap_assoc_map
 *fill*         0x10082b12        0x2 
 .constdata     0x10082b14        0xc Generated_Source\PSoC6\pdl\middleware\ble\lib\cy_ble_stack_gcc_host_ipc_cm4.a(smp_interface.o)
                0x10082b14                smp_event_fp
 .constdata     0x10082b20       0x22 Generated_Source\PSoC6\pdl\middleware\ble\lib\cy_ble_stack_gcc_host_ipc_cm4.a(smp_utils.o)
                0x10082b20                smp_event_map
 *fill*         0x10082b42        0x2 
 .constdata     0x10082b44       0xb4 Generated_Source\PSoC6\pdl\middleware\ble\lib\cy_ble_stack_gcc_host_ipc_cm4.a(smp_fsm_table.o)
                0x10082b44                smp_state_event_table
 .constdata     0x10082bf8      0x110 Generated_Source\PSoC6\pdl\middleware\ble\lib\cy_ble_stack_gcc_host_ipc_cm4.a(smp_fsm_table.o)
                0x10082bf8                smp_event_handler_table
 .constdata     0x10082d08       0x20 Generated_Source\PSoC6\pdl\middleware\ble\lib\cy_ble_stack_gcc_host_ipc_cm4.a(aes_cmac.o)
                0x10082d08                cmac_zero_data
                0x10082d18                cmac_rb_data
 .constdata     0x10082d28       0x60 Generated_Source\PSoC6\pdl\middleware\ble\lib\cy_ble_stack_gcc_host_ipc_cm4.a(att_fsm_table.o)
                0x10082d28                att_state_event_table
 .constdata     0x10082d88       0x58 Generated_Source\PSoC6\pdl\middleware\ble\lib\cy_ble_stack_gcc_host_ipc_cm4.a(att_fsm_table.o)
                0x10082d88                att_event_handler_table
 *(.eh_frame*)
 .eh_frame      0x10082de0        0x0 c:/program files (x86)/cypress/psoc creator/4.2/psoc creator/import/gnu/arm/5.4.1/bin/../lib/gcc/arm-none-eabi/5.4.1/armv7e-m/softfp/crtbegin.o
 .eh_frame      0x10082de0        0x4 c:/program files (x86)/cypress/psoc creator/4.2/psoc creator/import/gnu/arm/5.4.1/bin/../lib/gcc/arm-none-eabi/5.4.1/armv7e-m/softfp/crtend.o

.glue_7         0x10082de4        0x0
 .glue_7        0x10082de4        0x0 linker stubs

.glue_7t        0x10082de4        0x0
 .glue_7t       0x10082de4        0x0 linker stubs

.vfp11_veneer   0x10082de4        0x0
 .vfp11_veneer  0x10082de4        0x0 linker stubs

.v4_bx          0x10082de4        0x0
 .v4_bx         0x10082de4        0x0 linker stubs

.iplt           0x10082de4        0x0
 .iplt          0x10082de4        0x0 c:/program files (x86)/cypress/psoc creator/4.2/psoc creator/import/gnu/arm/5.4.1/bin/../lib/gcc/arm-none-eabi/5.4.1/armv7e-m/softfp/crtbegin.o

i.CyBleStackMgr_Init
                0x10082de4       0xdc
 i.CyBleStackMgr_Init
                0x10082de4       0xdc Generated_Source\PSoC6\pdl\middleware\ble\lib\cy_ble_stack_gcc_host_ipc_cm4.a(CyBleStackMgrIP_Interface.o)
                0x10082de4                CyBleStackMgr_Init

i.CyBleStackMgr_ProcessBleEvents
                0x10082ec0       0x14
 i.CyBleStackMgr_ProcessBleEvents
                0x10082ec0       0x14 Generated_Source\PSoC6\pdl\middleware\ble\lib\cy_ble_stack_gcc_host_ipc_cm4.a(CyBleStackMgrIP_Interface.o)
                0x10082ec0                CyBleStackMgr_ProcessBleEvents

i.CyBleStackMgr_Shutdown
                0x10082ed4       0x20
 i.CyBleStackMgr_Shutdown
                0x10082ed4       0x20 Generated_Source\PSoC6\pdl\middleware\ble\lib\cy_ble_stack_gcc_host_ipc_cm4.a(CyBleStackMgrIP_Interface.o)
                0x10082ed4                CyBleStackMgr_Shutdown

i.CyBle_GetHeapMemory
                0x10082ef4       0x3c
 i.CyBle_GetHeapMemory
                0x10082ef4       0x3c Generated_Source\PSoC6\pdl\middleware\ble\lib\cy_ble_stack_gcc_host_ipc_cm4.a(CyBleStackMgrIP_Interface.o)
                0x10082ef4                CyBle_GetHeapMemory

i.CyBle_GetNumAppBufferPools
                0x10082f30        0xc
 i.CyBle_GetNumAppBufferPools
                0x10082f30        0xc Generated_Source\PSoC6\pdl\middleware\ble\lib\cy_ble_stack_gcc_host_ipc_cm4.a(CyBleStackMgrIP_Interface.o)
                0x10082f30                CyBle_GetNumAppBufferPools

i.CyBle_HostStackBufferPoolInit
                0x10082f3c       0xc4
 i.CyBle_HostStackBufferPoolInit
                0x10082f3c       0xc4 Generated_Source\PSoC6\pdl\middleware\ble\lib\cy_ble_stack_gcc_host_ipc_cm4.a(CyBleStackMgrIP_Interface.o)

i.CyBle_SortBufers
                0x10083000       0x40
 i.CyBle_SortBufers
                0x10083000       0x40 Generated_Source\PSoC6\pdl\middleware\ble\lib\cy_ble_stack_gcc_host_ipc_cm4.a(CyBleStackMgrIP_Interface.o)
                0x10083000                CyBle_SortBufers

i.CyBle_StackGetConfigPtr
                0x10083040        0x8
 i.CyBle_StackGetConfigPtr
                0x10083040        0x8 Generated_Source\PSoC6\pdl\middleware\ble\lib\cy_ble_stack_gcc_host_ipc_cm4.a(CyBleStackMgrIP_Interface.o)
                0x10083040                CyBle_StackGetConfigPtr

i.Cy_BLE_EnablePrivacyFeature
                0x10083048        0x4
 i.Cy_BLE_EnablePrivacyFeature
                0x10083048        0x4 Generated_Source\PSoC6\pdl\middleware\ble\lib\cy_ble_stack_gcc_host_ipc_cm4.a(CyBleStackMgrIP_Interface.o)
                0x10083048                Cy_BLE_EnablePrivacyFeature

i.Cy_BLE_ProcessEvents
                0x1008304c        0x4
 i.Cy_BLE_ProcessEvents
                0x1008304c        0x4 Generated_Source\PSoC6\pdl\middleware\ble\lib\cy_ble_stack_gcc_host_ipc_cm4.a(CyBleStackMgrIP_Interface.o)
                0x1008304c                Cy_BLE_ProcessEvents

i.Cy_BLE_StackEnterLPM
                0x10083050       0x16
 i.Cy_BLE_StackEnterLPM
                0x10083050       0x16 Generated_Source\PSoC6\pdl\middleware\ble\lib\cy_ble_stack_gcc_host_ipc_cm4.a(CyBleStackMgrIP_Interface.o)
                0x10083050                Cy_BLE_StackEnterLPM

i.Cy_BLE_StackGetBleSsState
                0x10083066        0x4
 i.Cy_BLE_StackGetBleSsState
                0x10083066        0x4 Generated_Source\PSoC6\pdl\middleware\ble\lib\cy_ble_stack_gcc_host_ipc_cm4.a(CyBleStackMgrIP_Interface.o)
                0x10083066                Cy_BLE_StackGetBleSsState

i.Cy_BLE_StackGetFeatureConfig
                0x1008306c       0x20
 i.Cy_BLE_StackGetFeatureConfig
                0x1008306c       0x20 Generated_Source\PSoC6\pdl\middleware\ble\lib\cy_ble_stack_gcc_host_ipc_cm4.a(CyBleStackMgrIP_Interface.o)
                0x1008306c                Cy_BLE_StackGetFeatureConfig

i.Cy_BLE_StackInit
                0x1008308c       0x70
 i.Cy_BLE_StackInit
                0x1008308c       0x70 Generated_Source\PSoC6\pdl\middleware\ble\lib\cy_ble_stack_gcc_host_ipc_cm4.a(CyBleStackMgrIP_Interface.o)
                0x1008308c                Cy_BLE_StackInit

i.Cy_BLE_StackSetFeatureConfig
                0x100830fc       0x54
 i.Cy_BLE_StackSetFeatureConfig
                0x100830fc       0x54 Generated_Source\PSoC6\pdl\middleware\ble\lib\cy_ble_stack_gcc_host_ipc_cm4.a(CyBleStackMgrIP_Interface.o)
                0x100830fc                Cy_BLE_StackSetFeatureConfig

i.ble_stack_idle_task_callback
                0x10083150        0x2
 i.ble_stack_idle_task_callback
                0x10083150        0x2 Generated_Source\PSoC6\pdl\middleware\ble\lib\cy_ble_stack_gcc_host_ipc_cm4.a(CyBleStackMgrIP_Interface.o)
                0x10083150                ble_stack_idle_task_callback

i.BT_OSFreeBuf  0x10083154       0x20
 i.BT_OSFreeBuf
                0x10083154       0x20 Generated_Source\PSoC6\pdl\middleware\ble\lib\cy_ble_stack_gcc_host_ipc_cm4.a(BT_os.o)
                0x10083154                BT_OSFreeBuf

i.BT_OSGetBuF   0x10083174       0x30
 i.BT_OSGetBuF  0x10083174       0x30 Generated_Source\PSoC6\pdl\middleware\ble\lib\cy_ble_stack_gcc_host_ipc_cm4.a(BT_os.o)
                0x10083174                BT_OSGetBuF

i.BT_OSMemCreate
                0x100831a4       0x3c
 i.BT_OSMemCreate
                0x100831a4       0x3c Generated_Source\PSoC6\pdl\middleware\ble\lib\cy_ble_stack_gcc_host_ipc_cm4.a(BT_os.o)
                0x100831a4                BT_OSMemCreate

i.BT_alloc_mem_ext
                0x100831e0       0x40
 i.BT_alloc_mem_ext
                0x100831e0       0x40 Generated_Source\PSoC6\pdl\middleware\ble\lib\cy_ble_stack_gcc_host_ipc_cm4.a(BT_os.o)
                0x100831e0                BT_alloc_mem_ext

i.BT_free_mem   0x10083220        0xa
 i.BT_free_mem  0x10083220        0xa Generated_Source\PSoC6\pdl\middleware\ble\lib\cy_ble_stack_gcc_host_ipc_cm4.a(BT_os.o)
                0x10083220                BT_free_mem

i.bt_stack_create_buffer_pool
                0x1008322c       0x2c
 i.bt_stack_create_buffer_pool
                0x1008322c       0x2c Generated_Source\PSoC6\pdl\middleware\ble\lib\cy_ble_stack_gcc_host_ipc_cm4.a(BT_os.o)
                0x1008322c                bt_stack_create_buffer_pool

i.CyBle_CreateBleStackTask
                0x10083258       0x30
 i.CyBle_CreateBleStackTask
                0x10083258       0x30 Generated_Source\PSoC6\pdl\middleware\ble\lib\cy_ble_stack_gcc_host_ipc_cm4.a(CyBleStackMgr_StackTaskHandler.o)
                0x10083258                CyBle_CreateBleStackTask

i.CyBle_SignalBleStackTask
                0x10083288       0x38
 i.CyBle_SignalBleStackTask
                0x10083288       0x38 Generated_Source\PSoC6\pdl\middleware\ble\lib\cy_ble_stack_gcc_host_ipc_cm4.a(CyBleStackMgr_StackTaskHandler.o)
                0x10083288                CyBle_SignalBleStackTask

i.CyBle_StackTaskHandler
                0x100832c0       0x74
 i.CyBle_StackTaskHandler
                0x100832c0       0x74 Generated_Source\PSoC6\pdl\middleware\ble\lib\cy_ble_stack_gcc_host_ipc_cm4.a(CyBleStackMgr_StackTaskHandler.o)
                0x100832c0                CyBle_StackTaskHandler

i.IsStackTaskFree
                0x10083334        0xc
 i.IsStackTaskFree
                0x10083334        0xc Generated_Source\PSoC6\pdl\middleware\ble\lib\cy_ble_stack_gcc_host_ipc_cm4.a(CyBleStackMgr_StackTaskHandler.o)
                0x10083334                IsStackTaskFree

i.storage_bt_init_pl
                0x10083340       0x8c
 i.storage_bt_init_pl
                0x10083340       0x8c Generated_Source\PSoC6\pdl\middleware\ble\lib\cy_ble_stack_gcc_host_ipc_cm4.a(storage_pl.o)
                0x10083340                storage_bt_init_pl

i.storage_bt_reset_offset
                0x100833cc       0x3c
 i.storage_bt_reset_offset
                0x100833cc       0x3c Generated_Source\PSoC6\pdl\middleware\ble\lib\cy_ble_stack_gcc_host_ipc_cm4.a(storage_pl.o)
                0x100833cc                storage_bt_reset_offset

i.storage_manager_init
                0x10083408       0x54
 i.storage_manager_init
                0x10083408       0x54 Generated_Source\PSoC6\pdl\middleware\ble\lib\cy_ble_stack_gcc_host_ipc_cm4.a(storage_pl.o)
                0x10083408                storage_manager_init

i.storage_manager_register_module
                0x1008345c       0x68
 i.storage_manager_register_module
                0x1008345c       0x68 Generated_Source\PSoC6\pdl\middleware\ble\lib\cy_ble_stack_gcc_host_ipc_cm4.a(storage_pl.o)
                0x1008345c                storage_manager_register_module

i.storage_validate_init_params
                0x100834c4       0x98
 i.storage_validate_init_params
                0x100834c4       0x98 Generated_Source\PSoC6\pdl\middleware\ble\lib\cy_ble_stack_gcc_host_ipc_cm4.a(storage_pl.o)
                0x100834c4                storage_validate_init_params

i.OS_init       0x1008355c       0x64
 i.OS_init      0x1008355c       0x64 Generated_Source\PSoC6\pdl\middleware\ble\lib\cy_ble_stack_gcc_host_ipc_cm4.a(mint_os.o)
                0x1008355c                OS_init

i.OS_shutdown   0x100835c0        0x4
 i.OS_shutdown  0x100835c0        0x4 Generated_Source\PSoC6\pdl\middleware\ble\lib\cy_ble_stack_gcc_host_ipc_cm4.a(mint_os.o)
                0x100835c0                OS_shutdown

i.mintos_malloc
                0x100835c4       0x34
 i.mintos_malloc
                0x100835c4       0x34 Generated_Source\PSoC6\pdl\middleware\ble\lib\cy_ble_stack_gcc_host_ipc_cm4.a(mint_os.o)
                0x100835c4                mintos_malloc

i.OS_create_queue
                0x100835f8       0x74
 i.OS_create_queue
                0x100835f8       0x74 Generated_Source\PSoC6\pdl\middleware\ble\lib\cy_ble_stack_gcc_host_ipc_cm4.a(mint_os_queue.o)
                0x100835f8                OS_create_queue

i.OS_enqueue_item
                0x1008366c       0x9c
 i.OS_enqueue_item
                0x1008366c       0x9c Generated_Source\PSoC6\pdl\middleware\ble\lib\cy_ble_stack_gcc_host_ipc_cm4.a(mint_os_queue.o)
                0x1008366c                OS_enqueue_item

i.OS_queue_get_num_of_items
                0x10083708       0x2c
 i.OS_queue_get_num_of_items
                0x10083708       0x2c Generated_Source\PSoC6\pdl\middleware\ble\lib\cy_ble_stack_gcc_host_ipc_cm4.a(mint_os_queue.o)
                0x10083708                OS_queue_get_num_of_items

i.OS_queue_mgmt_init
                0x10083734       0x58
 i.OS_queue_mgmt_init
                0x10083734       0x58 Generated_Source\PSoC6\pdl\middleware\ble\lib\cy_ble_stack_gcc_host_ipc_cm4.a(mint_os_queue.o)
                0x10083734                OS_queue_mgmt_init

i.OS_remove_item
                0x1008378c       0xb8
 i.OS_remove_item
                0x1008378c       0xb8 Generated_Source\PSoC6\pdl\middleware\ble\lib\cy_ble_stack_gcc_host_ipc_cm4.a(mint_os_queue.o)
                0x1008378c                OS_remove_item

i.OS_create_task
                0x10083844       0x88
 i.OS_create_task
                0x10083844       0x88 Generated_Source\PSoC6\pdl\middleware\ble\lib\cy_ble_stack_gcc_host_ipc_cm4.a(mint_os_task.o)
                0x10083844                OS_create_task

i.OS_is_task_free
                0x100838cc       0x30
 i.OS_is_task_free
                0x100838cc       0x30 Generated_Source\PSoC6\pdl\middleware\ble\lib\cy_ble_stack_gcc_host_ipc_cm4.a(mint_os_task.o)
                0x100838cc                OS_is_task_free

i.OS_scheduler  0x100838fc       0x64
 i.OS_scheduler
                0x100838fc       0x64 Generated_Source\PSoC6\pdl\middleware\ble\lib\cy_ble_stack_gcc_host_ipc_cm4.a(mint_os_task.o)
                0x100838fc                OS_scheduler

i.OS_send_signal_to_task
                0x10083960        0xc
 i.OS_send_signal_to_task
                0x10083960        0xc Generated_Source\PSoC6\pdl\middleware\ble\lib\cy_ble_stack_gcc_host_ipc_cm4.a(mint_os_task.o)
                0x10083960                OS_send_signal_to_task

i.OS_send_signal_to_task_context
                0x1008396c       0x3c
 i.OS_send_signal_to_task_context
                0x1008396c       0x3c Generated_Source\PSoC6\pdl\middleware\ble\lib\cy_ble_stack_gcc_host_ipc_cm4.a(mint_os_task.o)

i.OS_task_mgmt_init
                0x100839a8       0x60
 i.OS_task_mgmt_init
                0x100839a8       0x60 Generated_Source\PSoC6\pdl\middleware\ble\lib\cy_ble_stack_gcc_host_ipc_cm4.a(mint_os_task.o)
                0x100839a8                OS_task_mgmt_init

i.mint_buf_mgmt_allocate_buffer
                0x10083a08       0x54
 i.mint_buf_mgmt_allocate_buffer
                0x10083a08       0x54 Generated_Source\PSoC6\pdl\middleware\ble\lib\cy_ble_stack_gcc_host_ipc_cm4.a(mint_buf_mgmt.o)
                0x10083a08                mint_buf_mgmt_allocate_buffer

i.mint_buf_mgmt_create_pool
                0x10083a5c       0xd4
 i.mint_buf_mgmt_create_pool
                0x10083a5c       0xd4 Generated_Source\PSoC6\pdl\middleware\ble\lib\cy_ble_stack_gcc_host_ipc_cm4.a(mint_buf_mgmt.o)
                0x10083a5c                mint_buf_mgmt_create_pool

i.mint_buf_mgmt_free_buffer
                0x10083b30       0xac
 i.mint_buf_mgmt_free_buffer
                0x10083b30       0xac Generated_Source\PSoC6\pdl\middleware\ble\lib\cy_ble_stack_gcc_host_ipc_cm4.a(mint_buf_mgmt.o)
                0x10083b30                mint_buf_mgmt_free_buffer

i.mint_buf_mgmt_init
                0x10083bdc       0x5c
 i.mint_buf_mgmt_init
                0x10083bdc       0x5c Generated_Source\PSoC6\pdl\middleware\ble\lib\cy_ble_stack_gcc_host_ipc_cm4.a(mint_buf_mgmt.o)
                0x10083bdc                mint_buf_mgmt_init

i.mint_buf_mgmt_malloc
                0x10083c38       0x28
 i.mint_buf_mgmt_malloc
                0x10083c38       0x28 Generated_Source\PSoC6\pdl\middleware\ble\lib\cy_ble_stack_gcc_host_ipc_cm4.a(mint_buf_mgmt.o)
                0x10083c38                mint_buf_mgmt_malloc

i.mint_buf_mgmt_pl_init
                0x10083c60       0x44
 i.mint_buf_mgmt_pl_init
                0x10083c60       0x44 Generated_Source\PSoC6\pdl\middleware\ble\lib\cy_ble_stack_gcc_host_ipc_cm4.a(mint_buf_mgmt.o)
                0x10083c60                mint_buf_mgmt_pl_init

i.mint_buf_mgmt_stack_init
                0x10083ca4       0x22
 i.mint_buf_mgmt_stack_init
                0x10083ca4       0x22 Generated_Source\PSoC6\pdl\middleware\ble\lib\cy_ble_stack_gcc_host_ipc_cm4.a(mint_buf_mgmt.o)
                0x10083ca4                mint_buf_mgmt_stack_init

i.mint_buf_mgmt_stack_pop
                0x10083cc6       0x34
 i.mint_buf_mgmt_stack_pop
                0x10083cc6       0x34 Generated_Source\PSoC6\pdl\middleware\ble\lib\cy_ble_stack_gcc_host_ipc_cm4.a(mint_buf_mgmt.o)
                0x10083cc6                mint_buf_mgmt_stack_pop

i.mint_buf_mgmt_stack_push
                0x10083cfa       0x34
 i.mint_buf_mgmt_stack_push
                0x10083cfa       0x34 Generated_Source\PSoC6\pdl\middleware\ble\lib\cy_ble_stack_gcc_host_ipc_cm4.a(mint_buf_mgmt.o)
                0x10083cfa                mint_buf_mgmt_stack_push

i.mint_buf_mgmt_stack_search_item
                0x10083d2e       0x2e
 i.mint_buf_mgmt_stack_search_item
                0x10083d2e       0x2e Generated_Source\PSoC6\pdl\middleware\ble\lib\cy_ble_stack_gcc_host_ipc_cm4.a(mint_buf_mgmt.o)
                0x10083d2e                mint_buf_mgmt_stack_search_item

i.CyBleHost_HciIpcFreePktBuffer
                0x10083d5c       0x2e
 i.CyBleHost_HciIpcFreePktBuffer
                0x10083d5c       0x2e Generated_Source\PSoC6\pdl\middleware\ble\lib\cy_ble_stack_gcc_host_ipc_cm4.a(transport_ipc.o)
                0x10083d5c                CyBleHost_HciIpcFreePktBuffer

i.CyBleHost_HciIpcMsgCompleteReceive
                0x10083d8c       0x28
 i.CyBleHost_HciIpcMsgCompleteReceive
                0x10083d8c       0x28 Generated_Source\PSoC6\pdl\middleware\ble\lib\cy_ble_stack_gcc_host_ipc_cm4.a(transport_ipc.o)
                0x10083d8c                CyBleHost_HciIpcMsgCompleteReceive

i.CyBleHost_HciIpcMsgReceive
                0x10083db4       0x28
 i.CyBleHost_HciIpcMsgReceive
                0x10083db4       0x28 Generated_Source\PSoC6\pdl\middleware\ble\lib\cy_ble_stack_gcc_host_ipc_cm4.a(transport_ipc.o)
                0x10083db4                CyBleHost_HciIpcMsgReceive

i.hci_transport_bt_shutdown
                0x10083ddc        0x4
 i.hci_transport_bt_shutdown
                0x10083ddc        0x4 Generated_Source\PSoC6\pdl\middleware\ble\lib\cy_ble_stack_gcc_host_ipc_cm4.a(transport_ipc.o)
                0x10083ddc                hci_transport_bt_shutdown

i.hci_transport_init
                0x10083de0       0x10
 i.hci_transport_init
                0x10083de0       0x10 Generated_Source\PSoC6\pdl\middleware\ble\lib\cy_ble_stack_gcc_host_ipc_cm4.a(transport_ipc.o)
                0x10083de0                hci_transport_init

i.hci_transport_write_data
                0x10083df0       0x9c
 i.hci_transport_write_data
                0x10083df0       0x9c Generated_Source\PSoC6\pdl\middleware\ble\lib\cy_ble_stack_gcc_host_ipc_cm4.a(transport_ipc.o)
                0x10083df0                hci_transport_write_data

i.CyBleHost_IPC_HAL_Init
                0x10083e8c       0x40
 i.CyBleHost_IPC_HAL_Init
                0x10083e8c       0x40 Generated_Source\PSoC6\pdl\middleware\ble\lib\cy_ble_stack_gcc_host_ipc_cm4.a(CyBleStackMgr_PSoCIPCHal.o)
                0x10083e8c                CyBleHost_IPC_HAL_Init

i.CyBleHost_IPC_HAL_InitWithStaticMem
                0x10083ecc        0xc
 i.CyBleHost_IPC_HAL_InitWithStaticMem
                0x10083ecc        0xc Generated_Source\PSoC6\pdl\middleware\ble\lib\cy_ble_stack_gcc_host_ipc_cm4.a(CyBleStackMgr_PSoCIPCHal.o)
                0x10083ecc                CyBleHost_IPC_HAL_InitWithStaticMem

i.CyBleHost_IPC_HAL_IsQueueEmpty
                0x10083ed8       0x24
 i.CyBleHost_IPC_HAL_IsQueueEmpty
                0x10083ed8       0x24 Generated_Source\PSoC6\pdl\middleware\ble\lib\cy_ble_stack_gcc_host_ipc_cm4.a(CyBleStackMgr_PSoCIPCHal.o)
                0x10083ed8                CyBleHost_IPC_HAL_IsQueueEmpty

i.CyBleHost_IPC_HAL_PipeReleaseCallback
                0x10083efc       0x1c
 i.CyBleHost_IPC_HAL_PipeReleaseCallback
                0x10083efc       0x1c Generated_Source\PSoC6\pdl\middleware\ble\lib\cy_ble_stack_gcc_host_ipc_cm4.a(CyBleStackMgr_PSoCIPCHal.o)

i.CyBleHost_IPC_HAL_ProcessMsgQ
                0x10083f18       0x3c
 i.CyBleHost_IPC_HAL_ProcessMsgQ
                0x10083f18       0x3c Generated_Source\PSoC6\pdl\middleware\ble\lib\cy_ble_stack_gcc_host_ipc_cm4.a(CyBleStackMgr_PSoCIPCHal.o)
                0x10083f18                CyBleHost_IPC_HAL_ProcessMsgQ

i.CyBleHost_IPC_HAL_PushMessage
                0x10083f54       0x48
 i.CyBleHost_IPC_HAL_PushMessage
                0x10083f54       0x48 Generated_Source\PSoC6\pdl\middleware\ble\lib\cy_ble_stack_gcc_host_ipc_cm4.a(CyBleStackMgr_PSoCIPCHal.o)

i.CyBleHost_IPC_HAL_Reset
                0x10083f9c        0x2
 i.CyBleHost_IPC_HAL_Reset
                0x10083f9c        0x2 Generated_Source\PSoC6\pdl\middleware\ble\lib\cy_ble_stack_gcc_host_ipc_cm4.a(CyBleStackMgr_PSoCIPCHal.o)
                0x10083f9c                CyBleHost_IPC_HAL_Reset

i.CyBleHost_IPC_HAL_SendEnqueue
                0x10083f9e       0x10
 i.CyBleHost_IPC_HAL_SendEnqueue
                0x10083f9e       0x10 Generated_Source\PSoC6\pdl\middleware\ble\lib\cy_ble_stack_gcc_host_ipc_cm4.a(CyBleStackMgr_PSoCIPCHal.o)
                0x10083f9e                CyBleHost_IPC_HAL_SendEnqueue

i.CyBle_BluetoothOnCmptCB
                0x10083fb0       0x60
 i.CyBle_BluetoothOnCmptCB
                0x10083fb0       0x60 Generated_Source\PSoC6\pdl\middleware\ble\lib\cy_ble_stack_gcc_host_ipc_cm4.a(host_main.o)

i.CyBle_HostDisableFeatures
                0x10084010       0x12
 i.CyBle_HostDisableFeatures
                0x10084010       0x12 Generated_Source\PSoC6\pdl\middleware\ble\lib\cy_ble_stack_gcc_host_ipc_cm4.a(host_main.o)
                0x10084010                CyBle_HostDisableFeatures

i.CyBle_HostInit
                0x10084024       0x60
 i.CyBle_HostInit
                0x10084024       0x60 Generated_Source\PSoC6\pdl\middleware\ble\lib\cy_ble_stack_gcc_host_ipc_cm4.a(host_main.o)
                0x10084024                CyBle_HostInit

i.CyBle_HostIsStackFree
                0x10084084       0x16
 i.CyBle_HostIsStackFree
                0x10084084       0x16 Generated_Source\PSoC6\pdl\middleware\ble\lib\cy_ble_stack_gcc_host_ipc_cm4.a(host_main.o)
                0x10084084                CyBle_HostIsStackFree

i.CyBle_HostSetFeatureConfig
                0x1008409c       0x80
 i.CyBle_HostSetFeatureConfig
                0x1008409c       0x80 Generated_Source\PSoC6\pdl\middleware\ble\lib\cy_ble_stack_gcc_host_ipc_cm4.a(host_main.o)
                0x1008409c                CyBle_HostSetFeatureConfig

i.CyBle_HostStackHeapDeInit
                0x1008411c       0x1e
 i.CyBle_HostStackHeapDeInit
                0x1008411c       0x1e Generated_Source\PSoC6\pdl\middleware\ble\lib\cy_ble_stack_gcc_host_ipc_cm4.a(host_main.o)
                0x1008411c                CyBle_HostStackHeapDeInit

i.CyBle_HostStackHeapInit
                0x1008413c       0x4c
 i.CyBle_HostStackHeapInit
                0x1008413c       0x4c Generated_Source\PSoC6\pdl\middleware\ble\lib\cy_ble_stack_gcc_host_ipc_cm4.a(host_main.o)
                0x1008413c                CyBle_HostStackHeapInit

i.CyBle_HostStackInit
                0x10084188       0x30
 i.CyBle_HostStackInit
                0x10084188       0x30 Generated_Source\PSoC6\pdl\middleware\ble\lib\cy_ble_stack_gcc_host_ipc_cm4.a(host_main.o)
                0x10084188                CyBle_HostStackInit

i.CyBle_HostStackOn
                0x100841b8       0x30
 i.CyBle_HostStackOn
                0x100841b8       0x30 Generated_Source\PSoC6\pdl\middleware\ble\lib\cy_ble_stack_gcc_host_ipc_cm4.a(host_main.o)

i.CyBle_HostValidateAppBuffers
                0x100841e8       0x4c
 i.CyBle_HostValidateAppBuffers
                0x100841e8       0x4c Generated_Source\PSoC6\pdl\middleware\ble\lib\cy_ble_stack_gcc_host_ipc_cm4.a(host_main.o)
                0x100841e8                CyBle_HostValidateAppBuffers

i.CyBle_HostValidateInputParams
                0x10084234       0xb8
 i.CyBle_HostValidateInputParams
                0x10084234       0xb8 Generated_Source\PSoC6\pdl\middleware\ble\lib\cy_ble_stack_gcc_host_ipc_cm4.a(host_main.o)
                0x10084234                CyBle_HostValidateInputParams

i.CyBle_SendEvToApp
                0x100842ec       0x14
 i.CyBle_SendEvToApp
                0x100842ec       0x14 Generated_Source\PSoC6\pdl\middleware\ble\lib\cy_ble_stack_gcc_host_ipc_cm4.a(host_main.o)
                0x100842ec                CyBle_SendEvToApp

i.CyBle_ShutdownResetComplete
                0x10084300       0x68
 i.CyBle_ShutdownResetComplete
                0x10084300       0x68 Generated_Source\PSoC6\pdl\middleware\ble\lib\cy_ble_stack_gcc_host_ipc_cm4.a(host_main.o)
                0x10084300                CyBle_ShutdownResetComplete

i.CyBle_StackResetGlobalVariables
                0x10084368       0x10
 i.CyBle_StackResetGlobalVariables
                0x10084368       0x10 Generated_Source\PSoC6\pdl\middleware\ble\lib\cy_ble_stack_gcc_host_ipc_cm4.a(host_main.o)

i.BT_att_access_mtu
                0x10084378       0x24
 i.BT_att_access_mtu
                0x10084378       0x24 Generated_Source\PSoC6\pdl\middleware\ble\lib\cy_ble_stack_gcc_host_ipc_cm4.a(att_api.o)
                0x10084378                BT_att_access_mtu

i.BT_att_check_connected_state
                0x1008439c       0x38
 i.BT_att_check_connected_state
                0x1008439c       0x38 Generated_Source\PSoC6\pdl\middleware\ble\lib\cy_ble_stack_gcc_host_ipc_cm4.a(att_api.o)
                0x1008439c                BT_att_check_connected_state

i.BT_att_get_att_handle_from_device_id
                0x100843d4       0x34
 i.BT_att_get_att_handle_from_device_id
                0x100843d4       0x34 Generated_Source\PSoC6\pdl\middleware\ble\lib\cy_ble_stack_gcc_host_ipc_cm4.a(att_api.o)
                0x100843d4                BT_att_get_att_handle_from_device_id

i.BT_att_get_stop_long_procedure_state
                0x10084408       0x10
 i.BT_att_get_stop_long_procedure_state
                0x10084408       0x10 Generated_Source\PSoC6\pdl\middleware\ble\lib\cy_ble_stack_gcc_host_ipc_cm4.a(att_api.o)
                0x10084408                BT_att_get_stop_long_procedure_state

i.BT_att_register
                0x10084418       0x24
 i.BT_att_register
                0x10084418       0x24 Generated_Source\PSoC6\pdl\middleware\ble\lib\cy_ble_stack_gcc_host_ipc_cm4.a(att_api.o)
                0x10084418                BT_att_register

i.BT_att_send_pdu
                0x1008443c      0x5a4
 i.BT_att_send_pdu
                0x1008443c      0x5a4 Generated_Source\PSoC6\pdl\middleware\ble\lib\cy_ble_stack_gcc_host_ipc_cm4.a(att_api.o)
                0x1008443c                BT_att_send_pdu

i.BT_att_set_stop_long_procedure
                0x100849e0       0x20
 i.BT_att_set_stop_long_procedure
                0x100849e0       0x20 Generated_Source\PSoC6\pdl\middleware\ble\lib\cy_ble_stack_gcc_host_ipc_cm4.a(att_api.o)
                0x100849e0                BT_att_set_stop_long_procedure

i.att_bt_init   0x10084a00       0x48
 i.att_bt_init  0x10084a00       0x48 Generated_Source\PSoC6\pdl\middleware\ble\lib\cy_ble_stack_gcc_host_ipc_cm4.a(att_init.o)
                0x10084a00                att_bt_init

i.att_bt_shutdown
                0x10084a48        0x2
 i.att_bt_shutdown
                0x10084a48        0x2 Generated_Source\PSoC6\pdl\middleware\ble\lib\cy_ble_stack_gcc_host_ipc_cm4.a(att_init.o)
                0x10084a48                att_bt_shutdown

i.att_get_heap_req
                0x10084a4a        0x4
 i.att_get_heap_req
                0x10084a4a        0x4 Generated_Source\PSoC6\pdl\middleware\ble\lib\cy_ble_stack_gcc_host_ipc_cm4.a(att_init.o)
                0x10084a4a                att_get_heap_req

i.att_heap_deinit
                0x10084a50        0xc
 i.att_heap_deinit
                0x10084a50        0xc Generated_Source\PSoC6\pdl\middleware\ble\lib\cy_ble_stack_gcc_host_ipc_cm4.a(att_init.o)
                0x10084a50                att_heap_deinit

i.att_heap_init
                0x10084a5c        0xc
 i.att_heap_init
                0x10084a5c        0xc Generated_Source\PSoC6\pdl\middleware\ble\lib\cy_ble_stack_gcc_host_ipc_cm4.a(att_init.o)
                0x10084a5c                att_heap_init

i.att_init      0x10084a68        0x2
 i.att_init     0x10084a68        0x2 Generated_Source\PSoC6\pdl\middleware\ble\lib\cy_ble_stack_gcc_host_ipc_cm4.a(att_init.o)
                0x10084a68                att_init

i.att_access_state_handler
                0x10084a6c       0x18
 i.att_access_state_handler
                0x10084a6c       0x18 Generated_Source\PSoC6\pdl\middleware\ble\lib\cy_ble_stack_gcc_host_ipc_cm4.a(att_internal.o)
                0x10084a6c                att_access_state_handler

i.att_fsm_change_state
                0x10084a84       0xd8
 i.att_fsm_change_state
                0x10084a84       0xd8 Generated_Source\PSoC6\pdl\middleware\ble\lib\cy_ble_stack_gcc_host_ipc_cm4.a(att_internal.o)
                0x10084a84                att_fsm_change_state

i.att_fsm_set_state
                0x10084b5c       0x48
 i.att_fsm_set_state
                0x10084b5c       0x48 Generated_Source\PSoC6\pdl\middleware\ble\lib\cy_ble_stack_gcc_host_ipc_cm4.a(att_internal.o)
                0x10084b5c                att_fsm_set_state

i.att_get_fsm_event
                0x10084ba4       0x1e
 i.att_get_fsm_event
                0x10084ba4       0x1e Generated_Source\PSoC6\pdl\middleware\ble\lib\cy_ble_stack_gcc_host_ipc_cm4.a(att_internal.o)
                0x10084ba4                att_get_fsm_event

i.att_l2cap_data_cb
                0x10084bc4      0x158
 i.att_l2cap_data_cb
                0x10084bc4      0x158 Generated_Source\PSoC6\pdl\middleware\ble\lib\cy_ble_stack_gcc_host_ipc_cm4.a(att_internal.o)
                0x10084bc4                att_l2cap_data_cb

i.att_notify_application
                0x10084d1c       0x70
 i.att_notify_application
                0x10084d1c       0x70 Generated_Source\PSoC6\pdl\middleware\ble\lib\cy_ble_stack_gcc_host_ipc_cm4.a(att_internal.o)
                0x10084d1c                att_notify_application

i.att_pack_handle_list
                0x10084d8c       0x4c
 i.att_pack_handle_list
                0x10084d8c       0x4c Generated_Source\PSoC6\pdl\middleware\ble\lib\cy_ble_stack_gcc_host_ipc_cm4.a(att_internal.o)
                0x10084d8c                att_pack_handle_list

i.att_pack_handle_value_pair
                0x10084dd8       0x48
 i.att_pack_handle_value_pair
                0x10084dd8       0x48 Generated_Source\PSoC6\pdl\middleware\ble\lib\cy_ble_stack_gcc_host_ipc_cm4.a(att_internal.o)
                0x10084dd8                att_pack_handle_value_pair

i.att_pack_value
                0x10084e20       0x44
 i.att_pack_value
                0x10084e20       0x44 Generated_Source\PSoC6\pdl\middleware\ble\lib\cy_ble_stack_gcc_host_ipc_cm4.a(att_internal.o)
                0x10084e20                att_pack_value

i.att_timer_cb  0x10084e64       0x6c
 i.att_timer_cb
                0x10084e64       0x6c Generated_Source\PSoC6\pdl\middleware\ble\lib\cy_ble_stack_gcc_host_ipc_cm4.a(att_internal.o)
                0x10084e64                att_timer_cb

i.att_transport_write
                0x10084ed0       0x46
 i.att_transport_write
                0x10084ed0       0x46 Generated_Source\PSoC6\pdl\middleware\ble\lib\cy_ble_stack_gcc_host_ipc_cm4.a(att_internal.o)
                0x10084ed0                att_transport_write

i.BT_bluetooth_get_stack_init_state
                0x10084f18       0x18
 i.BT_bluetooth_get_stack_init_state
                0x10084f18       0x18 Generated_Source\PSoC6\pdl\middleware\ble\lib\cy_ble_stack_gcc_host_ipc_cm4.a(BT_common.o)
                0x10084f18                BT_bluetooth_get_stack_init_state

i.BT_bluetooth_off
                0x10084f30       0x40
 i.BT_bluetooth_off
                0x10084f30       0x40 Generated_Source\PSoC6\pdl\middleware\ble\lib\cy_ble_stack_gcc_host_ipc_cm4.a(BT_common.o)
                0x10084f30                BT_bluetooth_off

i.BT_bluetooth_on
                0x10084f70       0x54
 i.BT_bluetooth_on
                0x10084f70       0x54 Generated_Source\PSoC6\pdl\middleware\ble\lib\cy_ble_stack_gcc_host_ipc_cm4.a(BT_common.o)
                0x10084f70                BT_bluetooth_on

i.BT_common_bluetooth_on_complete
                0x10084fc4       0x1c
 i.BT_common_bluetooth_on_complete
                0x10084fc4       0x1c Generated_Source\PSoC6\pdl\middleware\ble\lib\cy_ble_stack_gcc_host_ipc_cm4.a(BT_common.o)
                0x10084fc4                BT_common_bluetooth_on_complete

i.BT_ethermind_init
                0x10084fe0       0x38
 i.BT_ethermind_init
                0x10084fe0       0x38 Generated_Source\PSoC6\pdl\middleware\ble\lib\cy_ble_stack_gcc_host_ipc_cm4.a(BT_common.o)
                0x10084fe0                BT_ethermind_init

i.CyBle_DeviceQueueHeapDeInit
                0x10085018       0x10
 i.CyBle_DeviceQueueHeapDeInit
                0x10085018       0x10 Generated_Source\PSoC6\pdl\middleware\ble\lib\cy_ble_stack_gcc_host_ipc_cm4.a(device_queue.o)
                0x10085018                CyBle_DeviceQueueHeapDeInit

i.CyBle_DeviceQueueHeapInit
                0x10085028       0x4c
 i.CyBle_DeviceQueueHeapInit
                0x10085028       0x4c Generated_Source\PSoC6\pdl\middleware\ble\lib\cy_ble_stack_gcc_host_ipc_cm4.a(device_queue.o)
                0x10085028                CyBle_DeviceQueueHeapInit

i.CyBle_DeviceQueueHeapMemReq
                0x10085074       0x44
 i.CyBle_DeviceQueueHeapMemReq
                0x10085074       0x44 Generated_Source\PSoC6\pdl\middleware\ble\lib\cy_ble_stack_gcc_host_ipc_cm4.a(device_queue.o)
                0x10085074                CyBle_DeviceQueueHeapMemReq

i.device_queue_alloc
                0x100850b8       0xe8
 i.device_queue_alloc
                0x100850b8       0xe8 Generated_Source\PSoC6\pdl\middleware\ble\lib\cy_ble_stack_gcc_host_ipc_cm4.a(device_queue.o)
                0x100850b8                device_queue_alloc

i.device_queue_bt_init
                0x100851a0       0x3c
 i.device_queue_bt_init
                0x100851a0       0x3c Generated_Source\PSoC6\pdl\middleware\ble\lib\cy_ble_stack_gcc_host_ipc_cm4.a(device_queue.o)
                0x100851a0                device_queue_bt_init

i.device_queue_bt_shutdown
                0x100851dc        0x4
 i.device_queue_bt_shutdown
                0x100851dc        0x4 Generated_Source\PSoC6\pdl\middleware\ble\lib\cy_ble_stack_gcc_host_ipc_cm4.a(device_queue.o)
                0x100851dc                device_queue_bt_shutdown

i.device_queue_extension_clear_rpa_addr
                0x100851e0       0x64
 i.device_queue_extension_clear_rpa_addr
                0x100851e0       0x64 Generated_Source\PSoC6\pdl\middleware\ble\lib\cy_ble_stack_gcc_host_ipc_cm4.a(device_queue.o)
                0x100851e0                device_queue_extension_clear_rpa_addr

i.device_queue_extension_find_index
                0x10085244       0x5c
 i.device_queue_extension_find_index
                0x10085244       0x5c Generated_Source\PSoC6\pdl\middleware\ble\lib\cy_ble_stack_gcc_host_ipc_cm4.a(device_queue.o)
                0x10085244                device_queue_extension_find_index

i.device_queue_extension_init
                0x100852a0       0x14
 i.device_queue_extension_init
                0x100852a0       0x14 Generated_Source\PSoC6\pdl\middleware\ble\lib\cy_ble_stack_gcc_host_ipc_cm4.a(device_queue.o)
                0x100852a0                device_queue_extension_init

i.device_queue_extension_set_local_pub_priv_addr
                0x100852b4       0x58
 i.device_queue_extension_set_local_pub_priv_addr
                0x100852b4       0x58 Generated_Source\PSoC6\pdl\middleware\ble\lib\cy_ble_stack_gcc_host_ipc_cm4.a(device_queue.o)
                0x100852b4                device_queue_extension_set_local_pub_priv_addr

i.device_queue_extension_set_rpa_addr
                0x1008530c       0x6c
 i.device_queue_extension_set_rpa_addr
                0x1008530c       0x6c Generated_Source\PSoC6\pdl\middleware\ble\lib\cy_ble_stack_gcc_host_ipc_cm4.a(device_queue.o)
                0x1008530c                device_queue_extension_set_rpa_addr

i.device_queue_free
                0x10085378       0x6c
 i.device_queue_free
                0x10085378       0x6c Generated_Source\PSoC6\pdl\middleware\ble\lib\cy_ble_stack_gcc_host_ipc_cm4.a(device_queue.o)
                0x10085378                device_queue_free

i.device_queue_get_local_addr
                0x100853e4       0x4c
 i.device_queue_get_local_addr
                0x100853e4       0x4c Generated_Source\PSoC6\pdl\middleware\ble\lib\cy_ble_stack_gcc_host_ipc_cm4.a(device_queue.o)
                0x100853e4                device_queue_get_local_addr

i.device_queue_get_local_addr_used_for_conn_setup
                0x10085430       0xe4
 i.device_queue_get_local_addr_used_for_conn_setup
                0x10085430       0xe4 Generated_Source\PSoC6\pdl\middleware\ble\lib\cy_ble_stack_gcc_host_ipc_cm4.a(device_queue.o)
                0x10085430                device_queue_get_local_addr_used_for_conn_setup

i.device_queue_get_remote_addr
                0x10085514       0x5c
 i.device_queue_get_remote_addr
                0x10085514       0x5c Generated_Source\PSoC6\pdl\middleware\ble\lib\cy_ble_stack_gcc_host_ipc_cm4.a(device_queue.o)
                0x10085514                device_queue_get_remote_addr

i.device_queue_get_remote_addr_used_for_conn_setup
                0x10085570       0x8c
 i.device_queue_get_remote_addr_used_for_conn_setup
                0x10085570       0x8c Generated_Source\PSoC6\pdl\middleware\ble\lib\cy_ble_stack_gcc_host_ipc_cm4.a(device_queue.o)
                0x10085570                device_queue_get_remote_addr_used_for_conn_setup

i.device_queue_init
                0x100855fc       0x54
 i.device_queue_init
                0x100855fc       0x54 Generated_Source\PSoC6\pdl\middleware\ble\lib\cy_ble_stack_gcc_host_ipc_cm4.a(device_queue.o)
                0x100855fc                device_queue_init

i.device_queue_search_remote_addr
                0x10085650       0x9c
 i.device_queue_search_remote_addr
                0x10085650       0x9c Generated_Source\PSoC6\pdl\middleware\ble\lib\cy_ble_stack_gcc_host_ipc_cm4.a(device_queue.o)
                0x10085650                device_queue_search_remote_addr

i.device_queue_set_curr_addr_type
                0x100856ec       0x20
 i.device_queue_set_curr_addr_type
                0x100856ec       0x20 Generated_Source\PSoC6\pdl\middleware\ble\lib\cy_ble_stack_gcc_host_ipc_cm4.a(device_queue.o)
                0x100856ec                device_queue_set_curr_addr_type

i.device_queue_set_remote_addr
                0x1008570c       0x4c
 i.device_queue_set_remote_addr
                0x1008570c       0x4c Generated_Source\PSoC6\pdl\middleware\ble\lib\cy_ble_stack_gcc_host_ipc_cm4.a(device_queue.o)
                0x1008570c                device_queue_set_remote_addr

i.CyBle_L2capCB
                0x10085758       0xa8
 i.CyBle_L2capCB
                0x10085758       0xa8 Generated_Source\PSoC6\pdl\middleware\ble\lib\cy_ble_stack_gcc_host_ipc_cm4.a(l2cap.o)
                0x10085758                CyBle_L2capCB

i.CyBle_L2capFreeBuffers
                0x10085800       0x44
 i.CyBle_L2capFreeBuffers
                0x10085800       0x44 Generated_Source\PSoC6\pdl\middleware\ble\lib\cy_ble_stack_gcc_host_ipc_cm4.a(l2cap.o)
                0x10085800                CyBle_L2capFreeBuffers

i.CyBle_L2capHeapDeInit
                0x10085844       0x1c
 i.CyBle_L2capHeapDeInit
                0x10085844       0x1c Generated_Source\PSoC6\pdl\middleware\ble\lib\cy_ble_stack_gcc_host_ipc_cm4.a(l2cap.o)
                0x10085844                CyBle_L2capHeapDeInit

i.CyBle_L2capHeapInit
                0x10085860       0x68
 i.CyBle_L2capHeapInit
                0x10085860       0x68 Generated_Source\PSoC6\pdl\middleware\ble\lib\cy_ble_stack_gcc_host_ipc_cm4.a(l2cap.o)
                0x10085860                CyBle_L2capHeapInit

i.CyBle_L2capHeapReq
                0x100858c8       0x12
 i.CyBle_L2capHeapReq
                0x100858c8       0x12 Generated_Source\PSoC6\pdl\middleware\ble\lib\cy_ble_stack_gcc_host_ipc_cm4.a(l2cap.o)
                0x100858c8                CyBle_L2capHeapReq

i.CyBle_L2capInit
                0x100858dc      0x1a8
 i.CyBle_L2capInit
                0x100858dc      0x1a8 Generated_Source\PSoC6\pdl\middleware\ble\lib\cy_ble_stack_gcc_host_ipc_cm4.a(l2cap.o)
                0x100858dc                CyBle_L2capInit

i.CyBle_L2capMemsetBuffers
                0x10085a84       0x70
 i.CyBle_L2capMemsetBuffers
                0x10085a84       0x70 Generated_Source\PSoC6\pdl\middleware\ble\lib\cy_ble_stack_gcc_host_ipc_cm4.a(l2cap.o)
                0x10085a84                CyBle_L2capMemsetBuffers

i.CyBle_L2capShutdown
                0x10085af4        0xe
 i.CyBle_L2capShutdown
                0x10085af4        0xe Generated_Source\PSoC6\pdl\middleware\ble\lib\cy_ble_stack_gcc_host_ipc_cm4.a(l2cap.o)
                0x10085af4                CyBle_L2capShutdown

i.CyBle_L2capTxQueueFlowCb
                0x10085b02       0x18
 i.CyBle_L2capTxQueueFlowCb
                0x10085b02       0x18 Generated_Source\PSoC6\pdl\middleware\ble\lib\cy_ble_stack_gcc_host_ipc_cm4.a(l2cap.o)
                0x10085b02                CyBle_L2capTxQueueFlowCb

i.l2cap_disconnect_cid
                0x10085b1c       0xb4
 i.l2cap_disconnect_cid
                0x10085b1c       0xb4 Generated_Source\PSoC6\pdl\middleware\ble\lib\cy_ble_stack_gcc_host_ipc_cm4.a(l2cap_disconnect.o)
                0x10085b1c                l2cap_disconnect_cid

i.l2cap_disconnect_req
                0x10085bd0       0xd4
 i.l2cap_disconnect_req
                0x10085bd0       0xd4 Generated_Source\PSoC6\pdl\middleware\ble\lib\cy_ble_stack_gcc_host_ipc_cm4.a(l2cap_disconnect.o)
                0x10085bd0                l2cap_disconnect_req

i.l2cap_disconnect_rsp
                0x10085ca4       0x9c
 i.l2cap_disconnect_rsp
                0x10085ca4       0x9c Generated_Source\PSoC6\pdl\middleware\ble\lib\cy_ble_stack_gcc_host_ipc_cm4.a(l2cap_disconnect.o)
                0x10085ca4                l2cap_disconnect_rsp

i.l2cap_lp_disconnect_ind
                0x10085d40      0x120
 i.l2cap_lp_disconnect_ind
                0x10085d40      0x120 Generated_Source\PSoC6\pdl\middleware\ble\lib\cy_ble_stack_gcc_host_ipc_cm4.a(l2cap_disconnect.o)
                0x10085d40                l2cap_lp_disconnect_ind

i.l2cap_bt_init
                0x10085e60       0xdc
 i.l2cap_bt_init
                0x10085e60       0xdc Generated_Source\PSoC6\pdl\middleware\ble\lib\cy_ble_stack_gcc_host_ipc_cm4.a(l2cap_init.o)
                0x10085e60                l2cap_bt_init

i.l2cap_bt_shutdown
                0x10085f3c       0x34
 i.l2cap_bt_shutdown
                0x10085f3c       0x34 Generated_Source\PSoC6\pdl\middleware\ble\lib\cy_ble_stack_gcc_host_ipc_cm4.a(l2cap_init.o)
                0x10085f3c                l2cap_bt_shutdown

i.l2cap_init    0x10085f70       0x2c
 i.l2cap_init   0x10085f70       0x2c Generated_Source\PSoC6\pdl\middleware\ble\lib\cy_ble_stack_gcc_host_ipc_cm4.a(l2cap_init.o)
                0x10085f70                l2cap_init

i.l2cap_register_tx_queue_flow_cb
                0x10085f9c       0x14
 i.l2cap_register_tx_queue_flow_cb
                0x10085f9c       0x14 Generated_Source\PSoC6\pdl\middleware\ble\lib\cy_ble_stack_gcc_host_ipc_cm4.a(l2cap_init.o)
                0x10085f9c                l2cap_register_tx_queue_flow_cb

i.l2cap_allocate_buffer_element
                0x10085fb0       0x90
 i.l2cap_allocate_buffer_element
                0x10085fb0       0x90 Generated_Source\PSoC6\pdl\middleware\ble\lib\cy_ble_stack_gcc_host_ipc_cm4.a(l2cap_utils.o)
                0x10085fb0                l2cap_allocate_buffer_element

i.l2cap_buffer_dequeue
                0x10086040       0xd8
 i.l2cap_buffer_dequeue
                0x10086040       0xd8 Generated_Source\PSoC6\pdl\middleware\ble\lib\cy_ble_stack_gcc_host_ipc_cm4.a(l2cap_utils.o)
                0x10086040                l2cap_buffer_dequeue

i.l2cap_buffer_enqueue
                0x10086118       0x5c
 i.l2cap_buffer_enqueue
                0x10086118       0x5c Generated_Source\PSoC6\pdl\middleware\ble\lib\cy_ble_stack_gcc_host_ipc_cm4.a(l2cap_utils.o)
                0x10086118                l2cap_buffer_enqueue

i.l2cap_free_buffer_element
                0x10086174      0x114
 i.l2cap_free_buffer_element
                0x10086174      0x114 Generated_Source\PSoC6\pdl\middleware\ble\lib\cy_ble_stack_gcc_host_ipc_cm4.a(l2cap_utils.o)
                0x10086174                l2cap_free_buffer_element

i.l2cap_get_tx_queue_flow_state
                0x10086288       0x2c
 i.l2cap_get_tx_queue_flow_state
                0x10086288       0x2c Generated_Source\PSoC6\pdl\middleware\ble\lib\cy_ble_stack_gcc_host_ipc_cm4.a(l2cap_utils.o)
                0x10086288                l2cap_get_tx_queue_flow_state

i.l2cap_is_handle_in_sigch_list
                0x100862b4       0x38
 i.l2cap_is_handle_in_sigch_list
                0x100862b4       0x38 Generated_Source\PSoC6\pdl\middleware\ble\lib\cy_ble_stack_gcc_host_ipc_cm4.a(l2cap_utils.o)
                0x100862b4                l2cap_is_handle_in_sigch_list

i.l2cap_is_in_sigch_list
                0x100862ec       0x44
 i.l2cap_is_in_sigch_list
                0x100862ec       0x44 Generated_Source\PSoC6\pdl\middleware\ble\lib\cy_ble_stack_gcc_host_ipc_cm4.a(l2cap_utils.o)
                0x100862ec                l2cap_is_in_sigch_list

i.l2cap_is_queue_free
                0x10086330       0x3c
 i.l2cap_is_queue_free
                0x10086330       0x3c Generated_Source\PSoC6\pdl\middleware\ble\lib\cy_ble_stack_gcc_host_ipc_cm4.a(l2cap_utils.o)
                0x10086330                l2cap_is_queue_free

i.l2cap_tx_queue_flow_control
                0x1008636c       0x60
 i.l2cap_tx_queue_flow_control
                0x1008636c       0x60 Generated_Source\PSoC6\pdl\middleware\ble\lib\cy_ble_stack_gcc_host_ipc_cm4.a(l2cap_utils.o)
                0x1008636c                l2cap_tx_queue_flow_control

i.l2cap_data_transmitter_bh
                0x100863cc       0xdc
 i.l2cap_data_transmitter_bh
                0x100863cc       0xdc Generated_Source\PSoC6\pdl\middleware\ble\lib\cy_ble_stack_gcc_host_ipc_cm4.a(l2cap_lmp.o)
                0x100863cc                l2cap_data_transmitter_bh

i.l2cap_frame_tx_pdu
                0x100864a8       0x9c
 i.l2cap_frame_tx_pdu
                0x100864a8       0x9c Generated_Source\PSoC6\pdl\middleware\ble\lib\cy_ble_stack_gcc_host_ipc_cm4.a(l2cap_lmp.o)
                0x100864a8                l2cap_frame_tx_pdu

i.l2cap_lp_data_write
                0x10086544      0x138
 i.l2cap_lp_data_write
                0x10086544      0x138 Generated_Source\PSoC6\pdl\middleware\ble\lib\cy_ble_stack_gcc_host_ipc_cm4.a(l2cap_lmp.o)
                0x10086544                l2cap_lp_data_write

i.l2cap_lp_le_buffer_size
                0x1008667c       0x48
 i.l2cap_lp_le_buffer_size
                0x1008667c       0x48 Generated_Source\PSoC6\pdl\middleware\ble\lib\cy_ble_stack_gcc_host_ipc_cm4.a(l2cap_lmp.o)
                0x1008667c                l2cap_lp_le_buffer_size

i.l2cap_lp_num_completed_packets
                0x100866c4       0x64
 i.l2cap_lp_num_completed_packets
                0x100866c4       0x64 Generated_Source\PSoC6\pdl\middleware\ble\lib\cy_ble_stack_gcc_host_ipc_cm4.a(l2cap_lmp.o)
                0x100866c4                l2cap_lp_num_completed_packets

i.l2cap_schedule_data_tx
                0x10086728       0x34
 i.l2cap_schedule_data_tx
                0x10086728       0x34 Generated_Source\PSoC6\pdl\middleware\ble\lib\cy_ble_stack_gcc_host_ipc_cm4.a(l2cap_lmp.o)
                0x10086728                l2cap_schedule_data_tx

i.BT_l2cap_register_le_event_cb
                0x1008675c       0x14
 i.BT_l2cap_register_le_event_cb
                0x1008675c       0x14 Generated_Source\PSoC6\pdl\middleware\ble\lib\cy_ble_stack_gcc_host_ipc_cm4.a(l2cap_le.o)
                0x1008675c                BT_l2cap_register_le_event_cb

i.l2cap_fixed_channel_data_write
                0x10086770       0x6c
 i.l2cap_fixed_channel_data_write
                0x10086770       0x6c Generated_Source\PSoC6\pdl\middleware\ble\lib\cy_ble_stack_gcc_host_ipc_cm4.a(l2cap_fixed_channel.o)
                0x10086770                l2cap_fixed_channel_data_write

i.l2cap_register_fixed_channel_cb
                0x100867dc       0x24
 i.l2cap_register_fixed_channel_cb
                0x100867dc       0x24 Generated_Source\PSoC6\pdl\middleware\ble\lib\cy_ble_stack_gcc_host_ipc_cm4.a(l2cap_fixed_channel.o)
                0x100867dc                l2cap_register_fixed_channel_cb

i.l2cap_update_fixed_channel_mtu
                0x10086800       0x38
 i.l2cap_update_fixed_channel_mtu
                0x10086800       0x38 Generated_Source\PSoC6\pdl\middleware\ble\lib\cy_ble_stack_gcc_host_ipc_cm4.a(l2cap_fixed_channel.o)
                0x10086800                l2cap_update_fixed_channel_mtu

i.l2cap_allocate_channel
                0x10086838       0x40
 i.l2cap_allocate_channel
                0x10086838       0x40 Generated_Source\PSoC6\pdl\middleware\ble\lib\cy_ble_stack_gcc_host_ipc_cm4.a(l2cap_channels.o)
                0x10086838                l2cap_allocate_channel

i.l2cap_fixed_mode_rx_data_handler
                0x10086878       0x24
 i.l2cap_fixed_mode_rx_data_handler
                0x10086878       0x24 Generated_Source\PSoC6\pdl\middleware\ble\lib\cy_ble_stack_gcc_host_ipc_cm4.a(l2cap_channels.o)
                0x10086878                l2cap_fixed_mode_rx_data_handler

i.l2cap_free_channel
                0x1008689c      0x114
 i.l2cap_free_channel
                0x1008689c      0x114 Generated_Source\PSoC6\pdl\middleware\ble\lib\cy_ble_stack_gcc_host_ipc_cm4.a(l2cap_channels.o)
                0x1008689c                l2cap_free_channel

i.l2cap_search_local_channel
                0x100869b0       0x50
 i.l2cap_search_local_channel
                0x100869b0       0x50 Generated_Source\PSoC6\pdl\middleware\ble\lib\cy_ble_stack_gcc_host_ipc_cm4.a(l2cap_channels.o)
                0x100869b0                l2cap_search_local_channel

i.l2cap_cbfc_connect_req
                0x10086a00      0x204
 i.l2cap_cbfc_connect_req
                0x10086a00      0x204 Generated_Source\PSoC6\pdl\middleware\ble\lib\cy_ble_stack_gcc_host_ipc_cm4.a(l2cap_credit_mode.o)
                0x10086a00                l2cap_cbfc_connect_req

i.l2cap_cbfc_connect_rsp
                0x10086c04      0x180
 i.l2cap_cbfc_connect_rsp
                0x10086c04      0x180 Generated_Source\PSoC6\pdl\middleware\ble\lib\cy_ble_stack_gcc_host_ipc_cm4.a(l2cap_credit_mode.o)
                0x10086c04                l2cap_cbfc_connect_rsp

i.l2cap_credit_mode_allocate_sdu_memory
                0x10086d84       0x7c
 i.l2cap_credit_mode_allocate_sdu_memory
                0x10086d84       0x7c Generated_Source\PSoC6\pdl\middleware\ble\lib\cy_ble_stack_gcc_host_ipc_cm4.a(l2cap_credit_mode.o)
                0x10086d84                l2cap_credit_mode_allocate_sdu_memory

i.l2cap_credit_mode_rx_data_handler
                0x10086e00      0x114
 i.l2cap_credit_mode_rx_data_handler
                0x10086e00      0x114 Generated_Source\PSoC6\pdl\middleware\ble\lib\cy_ble_stack_gcc_host_ipc_cm4.a(l2cap_credit_mode.o)
                0x10086e00                l2cap_credit_mode_rx_data_handler

i.l2cap_credit_mode_tx_data_handler
                0x10086f14        0x2
 i.l2cap_credit_mode_tx_data_handler
                0x10086f14        0x2 Generated_Source\PSoC6\pdl\middleware\ble\lib\cy_ble_stack_gcc_host_ipc_cm4.a(l2cap_credit_mode.o)